Archive member included to satisfy reference by file (symbol)

C:/ST/STM32CubeIDE_1.19.0/STM32CubeIDE/plugins/com.st.stm32cube.ide.mcu.externaltools.gnu-tools-for-stm32.13.3.rel1.win32_1.0.0.202411081344/tools/bin/../lib/gcc/arm-none-eabi/13.3.1/../../../../arm-none-eabi/lib/thumb/v7e-m+fp/hard\libc_nano.a(libc_a-assert.o)
                              ./Core/Src/esc_coe.o (__assert_func)
C:/ST/STM32CubeIDE_1.19.0/STM32CubeIDE/plugins/com.st.stm32cube.ide.mcu.externaltools.gnu-tools-for-stm32.13.3.rel1.win32_1.0.0.202411081344/tools/bin/../lib/gcc/arm-none-eabi/13.3.1/../../../../arm-none-eabi/lib/thumb/v7e-m+fp/hard\libc_nano.a(libc_a-exit.o)
                              C:/ST/STM32CubeIDE_1.19.0/STM32CubeIDE/plugins/com.st.stm32cube.ide.mcu.externaltools.gnu-tools-for-stm32.13.3.rel1.win32_1.0.0.202411081344/tools/bin/../lib/gcc/arm-none-eabi/13.3.1/../../../../arm-none-eabi/lib/thumb/v7e-m+fp/hard/crt0.o (exit)
C:/ST/STM32CubeIDE_1.19.0/STM32CubeIDE/plugins/com.st.stm32cube.ide.mcu.externaltools.gnu-tools-for-stm32.13.3.rel1.win32_1.0.0.202411081344/tools/bin/../lib/gcc/arm-none-eabi/13.3.1/../../../../arm-none-eabi/lib/thumb/v7e-m+fp/hard\libc_nano.a(libc_a-findfp.o)
                              C:/ST/STM32CubeIDE_1.19.0/STM32CubeIDE/plugins/com.st.stm32cube.ide.mcu.externaltools.gnu-tools-for-stm32.13.3.rel1.win32_1.0.0.202411081344/tools/bin/../lib/gcc/arm-none-eabi/13.3.1/../../../../arm-none-eabi/lib/thumb/v7e-m+fp/hard\libc_nano.a(libc_a-exit.o) (__stdio_exit_handler)
C:/ST/STM32CubeIDE_1.19.0/STM32CubeIDE/plugins/com.st.stm32cube.ide.mcu.externaltools.gnu-tools-for-stm32.13.3.rel1.win32_1.0.0.202411081344/tools/bin/../lib/gcc/arm-none-eabi/13.3.1/../../../../arm-none-eabi/lib/thumb/v7e-m+fp/hard\libc_nano.a(libc_a-fprintf.o)
                              C:/ST/STM32CubeIDE_1.19.0/STM32CubeIDE/plugins/com.st.stm32cube.ide.mcu.externaltools.gnu-tools-for-stm32.13.3.rel1.win32_1.0.0.202411081344/tools/bin/../lib/gcc/arm-none-eabi/13.3.1/../../../../arm-none-eabi/lib/thumb/v7e-m+fp/hard\libc_nano.a(libc_a-assert.o) (fiprintf)
C:/ST/STM32CubeIDE_1.19.0/STM32CubeIDE/plugins/com.st.stm32cube.ide.mcu.externaltools.gnu-tools-for-stm32.13.3.rel1.win32_1.0.0.202411081344/tools/bin/../lib/gcc/arm-none-eabi/13.3.1/../../../../arm-none-eabi/lib/thumb/v7e-m+fp/hard\libc_nano.a(libc_a-fwalk.o)
                              C:/ST/STM32CubeIDE_1.19.0/STM32CubeIDE/plugins/com.st.stm32cube.ide.mcu.externaltools.gnu-tools-for-stm32.13.3.rel1.win32_1.0.0.202411081344/tools/bin/../lib/gcc/arm-none-eabi/13.3.1/../../../../arm-none-eabi/lib/thumb/v7e-m+fp/hard\libc_nano.a(libc_a-findfp.o) (_fwalk_sglue)
C:/ST/STM32CubeIDE_1.19.0/STM32CubeIDE/plugins/com.st.stm32cube.ide.mcu.externaltools.gnu-tools-for-stm32.13.3.rel1.win32_1.0.0.202411081344/tools/bin/../lib/gcc/arm-none-eabi/13.3.1/../../../../arm-none-eabi/lib/thumb/v7e-m+fp/hard\libc_nano.a(libc_a-stdio.o)
                              C:/ST/STM32CubeIDE_1.19.0/STM32CubeIDE/plugins/com.st.stm32cube.ide.mcu.externaltools.gnu-tools-for-stm32.13.3.rel1.win32_1.0.0.202411081344/tools/bin/../lib/gcc/arm-none-eabi/13.3.1/../../../../arm-none-eabi/lib/thumb/v7e-m+fp/hard\libc_nano.a(libc_a-findfp.o) (__sread)
C:/ST/STM32CubeIDE_1.19.0/STM32CubeIDE/plugins/com.st.stm32cube.ide.mcu.externaltools.gnu-tools-for-stm32.13.3.rel1.win32_1.0.0.202411081344/tools/bin/../lib/gcc/arm-none-eabi/13.3.1/../../../../arm-none-eabi/lib/thumb/v7e-m+fp/hard\libc_nano.a(libc_a-memset.o)
                              C:/ST/STM32CubeIDE_1.19.0/STM32CubeIDE/plugins/com.st.stm32cube.ide.mcu.externaltools.gnu-tools-for-stm32.13.3.rel1.win32_1.0.0.202411081344/tools/bin/../lib/gcc/arm-none-eabi/13.3.1/../../../../arm-none-eabi/lib/thumb/v7e-m+fp/hard/crt0.o (memset)
C:/ST/STM32CubeIDE_1.19.0/STM32CubeIDE/plugins/com.st.stm32cube.ide.mcu.externaltools.gnu-tools-for-stm32.13.3.rel1.win32_1.0.0.202411081344/tools/bin/../lib/gcc/arm-none-eabi/13.3.1/../../../../arm-none-eabi/lib/thumb/v7e-m+fp/hard\libc_nano.a(libc_a-strncmp.o)
                              ./Core/Src/esc_foe.o (strncmp)
C:/ST/STM32CubeIDE_1.19.0/STM32CubeIDE/plugins/com.st.stm32cube.ide.mcu.externaltools.gnu-tools-for-stm32.13.3.rel1.win32_1.0.0.202411081344/tools/bin/../lib/gcc/arm-none-eabi/13.3.1/../../../../arm-none-eabi/lib/thumb/v7e-m+fp/hard\libc_nano.a(libc_a-closer.o)
                              C:/ST/STM32CubeIDE_1.19.0/STM32CubeIDE/plugins/com.st.stm32cube.ide.mcu.externaltools.gnu-tools-for-stm32.13.3.rel1.win32_1.0.0.202411081344/tools/bin/../lib/gcc/arm-none-eabi/13.3.1/../../../../arm-none-eabi/lib/thumb/v7e-m+fp/hard\libc_nano.a(libc_a-stdio.o) (_close_r)
C:/ST/STM32CubeIDE_1.19.0/STM32CubeIDE/plugins/com.st.stm32cube.ide.mcu.externaltools.gnu-tools-for-stm32.13.3.rel1.win32_1.0.0.202411081344/tools/bin/../lib/gcc/arm-none-eabi/13.3.1/../../../../arm-none-eabi/lib/thumb/v7e-m+fp/hard\libc_nano.a(libc_a-reent.o)
[...]
Memory Configuration

Name             Origin             Length             Attributes
RAM              0x20000000         0x00020000         xrw
FLASH            0x08000000         0x00080000         xr
*default*        0x00000000         0xffffffff

Linker script and memory map

LOAD C:/ST/STM32CubeIDE_1.19.0/STM32CubeIDE/plugins/com.st.stm32cube.ide.mcu.externaltools.gnu-tools-for-stm32.13.3.rel1.win32_1.0.0.202411081344/tools/bin/../lib/gcc/arm-none-eabi/13.3.1/thumb/v7e-m+fp/hard/crti.o
LOAD C:/ST/STM32CubeIDE_1.19.0/STM32CubeIDE/plugins/com.st.stm32cube.ide.mcu.externaltools.gnu-tools-for-stm32.13.3.rel1.win32_1.0.0.202411081344/tools/bin/../lib/gcc/arm-none-eabi/13.3.1/thumb/v7e-m+fp/hard/crtbegin.o
LOAD C:/ST/STM32CubeIDE_1.19.0/STM32CubeIDE/plugins/com.st.stm32cube.ide.mcu.externaltools.gnu-tools-for-stm32.13.3.rel1.win32_1.0.0.202411081344/tools/bin/../lib/gcc/arm-none-eabi/13.3.1/../../../../arm-none-eabi/lib/thumb/v7e-m+fp/hard/crt0.o
LOAD ./Core/Src/ecat_app.o
LOAD ./Core/Src/ecat_slv.o
LOAD ./Core/Src/esc.o
LOAD ./Core/Src/esc_coe.o
LOAD ./Core/Src/esc_eep.o
LOAD ./Core/Src/esc_eoe.o
LOAD ./Core/Src/esc_foe.o
LOAD ./Core/Src/esc_hw.o
LOAD ./Core/Src/main.o
LOAD ./Core/Src/objectlist.o
LOAD ./Core/Src/spi.o
LOAD ./Core/Src/stm32f4xx_hal_msp.o
LOAD ./Core/Src/stm32f4xx_it.o
LOAD ./Core/Src/syscalls.o
LOAD ./Core/Src/sysmem.o
LOAD ./Core/Src/system_stm32f4xx.o
LOAD ./Core/Startup/startup_stm32f446retx.o
LOAD ./Drivers/STM32F4xx_HAL_Driver/Src/stm32f4xx_hal.o
LOAD ./Drivers/STM32F4xx_HAL_Driver/Src/stm32f4xx_hal_cortex.o
LOAD ./Drivers/STM32F4xx_HAL_Driver/Src/stm32f4xx_hal_dma.o
LOAD ./Drivers/STM32F4xx_HAL_Driver/Src/stm32f4xx_hal_dma_ex.o
LOAD ./Drivers/STM32F4xx_HAL_Driver/Src/stm32f4xx_hal_exti.o
LOAD ./Drivers/STM32F4xx_HAL_Driver/Src/stm32f4xx_hal_flash.o
LOAD ./Drivers/STM32F4xx_HAL_Driver/Src/stm32f4xx_hal_flash_ex.o
LOAD ./Drivers/STM32F4xx_HAL_Driver/Src/stm32f4xx_hal_flash_ramfunc.o
LOAD ./Drivers/STM32F4xx_HAL_Driver/Src/stm32f4xx_hal_gpio.o
LOAD ./Drivers/STM32F4xx_HAL_Driver/Src/stm32f4xx_hal_pwr.o
LOAD ./Drivers/STM32F4xx_HAL_Driver/Src/stm32f4xx_hal_pwr_ex.o
LOAD ./Drivers/STM32F4xx_HAL_Driver/Src/stm32f4xx_hal_rcc.o
LOAD ./Drivers/STM32F4xx_HAL_Driver/Src/stm32f4xx_hal_rcc_ex.o
LOAD ./Drivers/STM32F4xx_HAL_Driver/Src/stm32f4xx_hal_spi.o
START GROUP
LOAD C:/ST/STM32CubeIDE_1.19.0/STM32CubeIDE/plugins/com.st.stm32cube.ide.mcu.externaltools.gnu-tools-for-stm32.13.3.rel1.win32_1.0.0.202411081344/tools/bin/../lib/gcc/arm-none-eabi/13.3.1/../../../../arm-none-eabi/lib/thumb/v7e-m+fp/hard\libc_nano.a
LOAD C:/ST/STM32CubeIDE_1.19.0/STM32CubeIDE/plugins/com.st.stm32cube.ide.mcu.externaltools.gnu-tools-for-stm32.13.3.rel1.win32_1.0.0.202411081344/tools/bin/../lib/gcc/arm-none-eabi/13.3.1/../../../../arm-none-eabi/lib/thumb/v7e-m+fp/hard\libm.a
END GROUP
START GROUP
LOAD C:/ST/STM32CubeIDE_1.19.0/STM32CubeIDE/plugins/com.st.stm32cube.ide.mcu.externaltools.gnu-tools-for-stm32.13.3.rel1.win32_1.0.0.202411081344/tools/bin/../lib/gcc/arm-none-eabi/13.3.1/thumb/v7e-m+fp/hard\libgcc.a
LOAD C:/ST/STM32CubeIDE_1.19.0/STM32CubeIDE/plugins/com.st.stm32cube.ide.mcu.externaltools.gnu-tools-for-stm32.13.3.rel1.win32_1.0.0.202411081344/tools/bin/../lib/gcc/arm-none-eabi/13.3.1/../../../../arm-none-eabi/lib/thumb/v7e-m+fp/hard\libc_nano.a
END GROUP
START GROUP
LOAD C:/ST/STM32CubeIDE_1.19.0/STM32CubeIDE/plugins/com.st.stm32cube.ide.mcu.externaltools.gnu-tools-for-stm32.13.3.rel1.win32_1.0.0.202411081344/tools/bin/../lib/gcc/arm-none-eabi/13.3.1/thumb/v7e-m+fp/hard\libgcc.a
LOAD C:/ST/STM32CubeIDE_1.19.0/STM32CubeIDE/plugins/com.st.stm32cube.ide.mcu.externaltools.gnu-tools-for-stm32.13.3.rel1.win32_1.0.0.202411081344/tools/bin/../lib/gcc/arm-none-eabi/13.3.1/../../../../arm-none-eabi/lib/thumb/v7e-m+fp/hard\libc_nano.a
LOAD C:/ST/STM32CubeIDE_1.19.0/STM32CubeIDE/plugins/com.st.stm32cube.ide.mcu.externaltools.gnu-tools-for-stm32.13.3.rel1.win32_1.0.0.202411081344/tools/bin/../lib/gcc/arm-none-eabi/13.3.1/../../../../arm-none-eabi/lib/thumb/v7e-m+fp/hard\libnosys.a
END GROUP
START GROUP
LOAD C:/ST/STM32CubeIDE_1.19.0/STM32CubeIDE/plugins/com.st.stm32cube.ide.mcu.externaltools.gnu-tools-for-stm32.13.3.rel1.win32_1.0.0.202411081344/tools/bin/../lib/gcc/arm-none-eabi/13.3.1/thumb/v7e-m+fp/hard\libgcc.a
LOAD C:/ST/STM32CubeIDE_1.19.0/STM32CubeIDE/plugins/com.st.stm32cube.ide.mcu.externaltools.gnu-tools-for-stm32.13.3.rel1.win32_1.0.0.202411081344/tools/bin/../lib/gcc/arm-none-eabi/13.3.1/../../../../arm-none-eabi/lib/thumb/v7e-m+fp/hard\libc_nano.a
LOAD C:/ST/STM32CubeIDE_1.19.0/STM32CubeIDE/plugins/com.st.stm32cube.ide.mcu.externaltools.gnu-tools-for-stm32.13.3.rel1.win32_1.0.0.202411081344/tools/bin/../lib/gcc/arm-none-eabi/13.3.1/../../../../arm-none-eabi/lib/thumb/v7e-m+fp/hard\libnosys.a
END GROUP
LOAD C:/ST/STM32CubeIDE_1.19.0/STM32CubeIDE/plugins/com.st.stm32cube.ide.mcu.externaltools.gnu-tools-for-stm32.13.3.rel1.win32_1.0.0.202411081344/tools/bin/../lib/gcc/arm-none-eabi/13.3.1/thumb/v7e-m+fp/hard/crtend.o
LOAD C:/ST/STM32CubeIDE_1.19.0/STM32CubeIDE/plugins/com.st.stm32cube.ide.mcu.externaltools.gnu-tools-for-stm32.13.3.rel1.win32_1.0.0.202411081344/tools/bin/../lib/gcc/arm-none-eabi/13.3.1/thumb/v7e-m+fp/hard/crtn.o
                0x20020000                        _estack = (ORIGIN (RAM) + LENGTH (RAM))
                0x00000200                        _Min_Heap_Size = 0x200
                0x00000400                        _Min_Stack_Size = 0x400

.isr_vector     0x08000000      0x1c4
                0x08000000                        . = ALIGN (0x4)
 *(.isr_vector)
 .isr_vector    0x08000000      0x1c4 ./Core/Startup/startup_stm32f446retx.o
                0x08000000                g_pfnVectors
                0x080001c4                        . = ALIGN (0x4)

.text           0x080001d0     0x86d8
                0x080001d0                        . = ALIGN (0x4)
 *(.text)
 .text          0x080001d0       0x40 C:/ST/STM32CubeIDE_1.19.0/STM32CubeIDE/plugins/com.st.stm32cube.ide.mcu.externaltools.gnu-tools-for-stm32.13.3.rel1.win32_1.0.0.202411081344/tools/bin/../lib/gcc/arm-none-eabi/13.3.1/thumb/v7e-m+fp/hard/crtbegin.o
 .text          0x08000210       0xa0 C:/ST/STM32CubeIDE_1.19.0/STM32CubeIDE/plugins/com.st.stm32cube.ide.mcu.externaltools.gnu-tools-for-stm32.13.3.rel1.win32_1.0.0.202411081344/tools/bin/../lib/gcc/arm-none-eabi/13.3.1/../../../../arm-none-eabi/lib/thumb/v7e-m+fp/hard\libc_nano.a(libc_a-memchr.o)
                0x08000210                memchr
 .text          0x080002b0       0x30 C:/ST/STM32CubeIDE_1.19.0/STM32CubeIDE/plugins/com.st.stm32cube.ide.mcu.externaltools.gnu-tools-for-stm32.13.3.rel1.win32_1.0.0.202411081344/tools/bin/../lib/gcc/arm-none-eabi/13.3.1/thumb/v7e-m+fp/hard\libgcc.a(_aeabi_uldivmod.o)
                0x080002b0                __aeabi_uldivmod
 .text          0x080002e0      0x2f8 C:/ST/STM32CubeIDE_1.19.0/STM32CubeIDE/plugins/com.st.stm32cube.ide.mcu.externaltools.gnu-tools-for-stm32.13.3.rel1.win32_1.0.0.202411081344/tools/bin/../lib/gcc/arm-none-eabi/13.3.1/thumb/v7e-m+fp/hard\libgcc.a(_udivmoddi4.o)
                0x080002e0                __udivmoddi4
 .text          0x080005d8        0x4 C:/ST/STM32CubeIDE_1.19.0/STM32CubeIDE/plugins/com.st.stm32cube.ide.mcu.externaltools.gnu-tools-for-stm32.13.3.rel1.win32_1.0.0.202411081344/tools/bin/../lib/gcc/arm-none-eabi/13.3.1/thumb/v7e-m+fp/hard\libgcc.a(_dvmd_tls.o)
                0x080005d8                __aeabi_idiv0
                0x080005d8                __aeabi_ldiv0
 *(.text*)
 .text.ESC_download_pre_objecthandler
                0x080005dc       0x9c ./Core/Src/ecat_slv.o
                0x080005dc                ESC_download_pre_objecthandler
 .text.ESC_download_post_objecthandler
                0x08000678       0x38 ./Core/Src/ecat_slv.o
                0x08000678                ESC_download_post_objecthandler
 .text.ESC_upload_pre_objecthandler
                0x080006b0       0x40 ./Core/Src/ecat_slv.o
                0x080006b0                ESC_upload_pre_objecthandler
 .text.ESC_upload_post_objecthandler
                0x080006f0       0x38 ./Core/Src/ecat_slv.o
                0x080006f0                ESC_upload_post_objecthandler
 .text.APP_safeoutput
                0x08000728       0x1c ./Core/Src/ecat_slv.o
                0x08000728                APP_safeoutput
 .text.TXPDO_update
                0x08000744       0x48 ./Core/Src/ecat_slv.o
                0x08000744                TXPDO_update
 .text.RXPDO_update
                0x0800078c       0x48 ./Core/Src/ecat_slv.o
                0x0800078c                RXPDO_update
 .text.DIG_process
                0x080007d4      0x164 ./Core/Src/ecat_slv.o
                0x080007d4                DIG_process
 .text.ecat_slv_poll
                0x08000938       0x80 ./Core/Src/ecat_slv.o
                0x08000938                ecat_slv_poll
 .text.ecat_slv
                0x080009b8       0x12 ./Core/Src/ecat_slv.o
                0x080009b8                ecat_slv
 *fill*         0x080009ca        0x2 
 .text.ecat_slv_init
                0x080009cc       0x78 ./Core/Src/ecat_slv.o
                0x080009cc                ecat_slv_init
 .text.ESC_ALerror
                0x08000a44       0x34 ./Core/Src/esc.o
                0x08000a44                ESC_ALerror
 .text.ESC_ALstatus
                0x08000a78       0x38 ./Core/Src/esc.o
                0x08000a78                ESC_ALstatus
 .text.ESC_ALstatusgotoerror
                0x08000ab0       0xb8 ./Core/Src/esc.o
                0x08000ab0                ESC_ALstatusgotoerror
 .text.ESC_ALeventwrite
                0x08000b68       0x24 ./Core/Src/esc.o
                0x08000b68                ESC_ALeventwrite
 .text.ESC_ALeventread
                0x08000b8c       0x1e ./Core/Src/esc.o
                0x08000b8c                ESC_ALeventread
 .text.ESC_SMack
                0x08000baa       0x2c ./Core/Src/esc.o
                0x08000baa                ESC_SMack
 *fill*         0x08000bd6        0x2 
 .text.ESC_SMstatus
                0x08000bd8       0x40 ./Core/Src/esc.o
                0x08000bd8                ESC_SMstatus
 .text.ESC_SMwritepdi
                0x08000c18       0x40 ./Core/Src/esc.o
                0x08000c18                ESC_SMwritepdi
 .text.ESC_SMreadpdi
                0x08000c58       0x40 ./Core/Src/esc.o
                0x08000c58                ESC_SMreadpdi
 .text.ESC_SMenable
                0x08000c98       0x50 ./Core/Src/esc.o
                0x08000c98                ESC_SMenable
 .text.ESC_SMdisable
                0x08000ce8       0x50 ./Core/Src/esc.o
                0x08000ce8                ESC_SMdisable
 .text.ESC_address
                0x08000d38       0x28 ./Core/Src/esc.o
                0x08000d38                ESC_address
 .text.ESC_SYNCactivation
                0x08000d60       0x1e ./Core/Src/esc.o
                0x08000d60                ESC_SYNCactivation
 *fill*         0x08000d7e        0x2 
 .text.ESC_checkDC
                0x08000d80       0x54 ./Core/Src/esc.o
                0x08000d80                ESC_checkDC
 .text.ESC_checkmbx
                0x08000dd4       0xec ./Core/Src/esc.o
                0x08000dd4                ESC_checkmbx
 .text.ESC_startmbx
                0x08000ec0       0xb0 ./Core/Src/esc.o
                0x08000ec0                ESC_startmbx
 .text.ESC_startmbxboot
                0x08000f70       0xb0 ./Core/Src/esc.o
                0x08000f70                ESC_startmbxboot
 .text.ESC_stopmbx
                0x08001020       0xac ./Core/Src/esc.o
                0x08001020                ESC_stopmbx
 .text.ESC_readmbx
                0x080010cc       0x8c ./Core/Src/esc.o
                0x080010cc                ESC_readmbx
 .text.ESC_writembx
                0x08001158       0x90 ./Core/Src/esc.o
                0x08001158                ESC_writembx
 .text.ESC_ackmbxread
                0x080011e8       0x30 ./Core/Src/esc.o
                0x080011e8                ESC_ackmbxread
 .text.ESC_claimbuffer
                0x08001218       0xd4 ./Core/Src/esc.o
                0x08001218                ESC_claimbuffer
 .text.ESC_outreqbuffer
                0x080012ec       0x34 ./Core/Src/esc.o
                0x080012ec                ESC_outreqbuffer
 .text.MBX_error
                0x08001320       0x70 ./Core/Src/esc.o
                0x08001320                MBX_error
 .text.ESC_mbxprocess
                0x08001390      0x284 ./Core/Src/esc.o
                0x08001390                ESC_mbxprocess
 .text.ESC_xoeprocess
                0x08001614       0x68 ./Core/Src/esc.o
                0x08001614                ESC_xoeprocess
 .text.ESC_checkSM23
                0x0800167c      0x11c ./Core/Src/esc.o
                0x0800167c                ESC_checkSM23
 .text.ESC_startinput
                0x08001798       0xf8 ./Core/Src/esc.o
                0x08001798                ESC_startinput
 .text.ESC_stopinput
                0x08001890       0x44 ./Core/Src/esc.o
                0x08001890                ESC_stopinput
 .text.ESC_startoutput
                0x080018d4       0x48 ./Core/Src/esc.o
                0x080018d4                ESC_startoutput
 .text.ESC_stopoutput
                0x0800191c       0x30 ./Core/Src/esc.o
                0x0800191c                ESC_stopoutput
 .text.ESC_sm_act_event
                0x0800194c      0x168 ./Core/Src/esc.o
                0x0800194c                ESC_sm_act_event
 .text.ESC_check_id_request
                0x08001ab4       0x64 ./Core/Src/esc.o
 .text.ESC_load_device_id
                0x08001b18       0x50 ./Core/Src/esc.o
 .text.ESC_state
                0x08001b68      0x4d8 ./Core/Src/esc.o
                0x08001b68                ESC_state
 .text.ESC_config
                0x08002040       0xfc ./Core/Src/esc.o
                0x08002040                ESC_config
 .text.SDO_findsubindex
                0x0800213c       0xbc ./Core/Src/esc_coe.o
                0x0800213c                SDO_findsubindex
 .text.SDO_findobject
                0x080021f8       0x50 ./Core/Src/esc_coe.o
                0x080021f8                SDO_findobject
 .text.sizeOfPDO
                0x08002248      0x2a8 ./Core/Src/esc_coe.o
                0x08002248                sizeOfPDO
 .text.copy2mbx
                0x080024f0       0x1e ./Core/Src/esc_coe.o
 *fill*         0x0800250e        0x2 
 .text.SDO_abort
                0x08002510       0x90 ./Core/Src/esc_coe.o
 .text.set_state_idle
                0x080025a0       0x44 ./Core/Src/esc_coe.o
 .text.SDO_upload
                0x080025e4      0x3ec ./Core/Src/esc_coe.o
 .text.complete_access_get_variables
                0x080029d0       0x88 ./Core/Src/esc_coe.o
 .text.complete_access_subindex_loop
                0x08002a58      0x2f4 ./Core/Src/esc_coe.o
 .text.init_coesdo
                0x08002d4c       0x58 ./Core/Src/esc_coe.o
 .text.SDO_upload_complete_access
                0x08002da4      0x23c ./Core/Src/esc_coe.o
 .text.SDO_uploadsegment
                0x08002fe0      0x174 ./Core/Src/esc_coe.o
 .text.SDO_download
                0x08003154      0x388 ./Core/Src/esc_coe.o
 .text.SDO_download_complete_access
                0x080034dc      0x228 ./Core/Src/esc_coe.o
 .text.SDO_downloadsegment
                0x08003704      0x1d8 ./Core/Src/esc_coe.o
 .text.SDO_infoerror
                0x080038dc       0xa0 ./Core/Src/esc_coe.o
 .text.SDO_getodlist
                0x0800397c      0x218 ./Core/Src/esc_coe.o
 .text.SDO_getodlistcont
                0x08003b94      0x140 ./Core/Src/esc_coe.o
 .text.SDO_getod
                0x08003cd4      0x1f4 ./Core/Src/esc_coe.o
 .text.SDO_geted
                0x08003ec8      0x1b8 ./Core/Src/esc_coe.o
 .text.ESC_coeprocess
                0x08004080      0x1b4 ./Core/Src/esc_coe.o
                0x08004080                ESC_coeprocess
 .text.COE_bitsliceGet
                0x08004234      0x136 ./Core/Src/esc_coe.o
 .text.COE_bitsliceSet
                0x0800436a      0x240 ./Core/Src/esc_coe.o
 *fill*         0x080045aa        0x2 
 .text.COE_getValue
                0x080045ac      0x178 ./Core/Src/esc_coe.o
 .text.COE_setValue
                0x08004724      0x138 ./Core/Src/esc_coe.o
 .text.COE_initDefaultValues
                0x0800485c       0xd8 ./Core/Src/esc_coe.o
                0x0800485c                COE_initDefaultValues
 .text.COE_pdoPack
                0x08004934       0xc4 ./Core/Src/esc_coe.o
                0x08004934                COE_pdoPack
 .text.COE_pdoUnpack
                0x080049f8       0xbc ./Core/Src/esc_coe.o
                0x080049f8                COE_pdoUnpack
 .text.COE_maxSub
                0x08004ab4       0x64 ./Core/Src/esc_coe.o
                0x08004ab4                COE_maxSub
 .text.FOE_fopen
                0x08004b18      0x168 ./Core/Src/esc_foe.o
 .text.FOE_fwrite
                0x08004c80       0xf4 ./Core/Src/esc_foe.o
 .text.FOE_fclose
                0x08004d74       0x60 ./Core/Src/esc_foe.o
 .text.FOE_init
                0x08004dd4       0x58 ./Core/Src/esc_foe.o
                0x08004dd4                FOE_init
 .text.FOE_abort
                0x08004e2c       0x74 ./Core/Src/esc_foe.o
 .text.FOE_send_ack
                0x08004ea0       0x84 ./Core/Src/esc_foe.o
 .text.FOE_write
                0x08004f24       0x7c ./Core/Src/esc_foe.o
 .text.FOE_data
                0x08004fa0       0xfc ./Core/Src/esc_foe.o
 .text.FOE_error
                0x0800509c        0xe ./Core/Src/esc_foe.o
 *fill*         0x080050aa        0x2 
 .text.ESC_foeprocess
                0x080050ac       0xb4 ./Core/Src/esc_foe.o
                0x080050ac                ESC_foeprocess
 .text.LAN9252_ReadReg32
                0x08005160       0x7c ./Core/Src/esc_hw.o
                0x08005160                LAN9252_ReadReg32
 .text.LAN9252_WriteInternal
                0x080051dc       0xb0 ./Core/Src/esc_hw.o
                0x080051dc                LAN9252_WriteInternal
 .text.LAN9252_Reset
                0x0800528c       0x2c ./Core/Src/esc_hw.o
                0x0800528c                LAN9252_Reset
 .text.LAN9252_CSR_WaitReady
                0x080052b8       0x38 ./Core/Src/esc_hw.o
                0x080052b8                LAN9252_CSR_WaitReady
 .text.LAN9252_ReadESC
                0x080052f0       0x9c ./Core/Src/esc_hw.o
                0x080052f0                LAN9252_ReadESC
 .text.LAN9252_WriteESC
                0x0800538c       0x8e ./Core/Src/esc_hw.o
                0x0800538c                LAN9252_WriteESC
 .text.ESC_init
                0x0800541a       0x42 ./Core/Src/esc_hw.o
                0x0800541a                ESC_init
 .text.ESC_read
                0x0800545c       0xc8 ./Core/Src/esc_hw.o
                0x0800545c                ESC_read
 .text.ESC_write
                0x08005524       0xc0 ./Core/Src/esc_hw.o
                0x08005524                ESC_write
 .text.cb_get_inputs
                0x080055e4       0x40 ./Core/Src/main.o
                0x080055e4                cb_get_inputs
 .text.cb_set_outputs
                0x08005624       0xb4 ./Core/Src/main.o
                0x08005624                cb_set_outputs
 .text.LED_Process
                0x080056d8       0x68 ./Core/Src/main.o
                0x080056d8                LED_Process
 .text.main     0x08005740       0x44 ./Core/Src/main.o
                0x08005740                main
 .text.SystemClock_Config
                0x08005784       0xc0 ./Core/Src/main.o
                0x08005784                SystemClock_Config
 .text.MX_SPI1_Init
                0x08005844       0x6c ./Core/Src/main.o
 .text.MX_GPIO_Init
                0x080058b0       0xd0 ./Core/Src/main.o
 .text.Error_Handler
                0x08005980        0xc ./Core/Src/main.o
                0x08005980                Error_Handler
 .text.HAL_MspInit
                0x0800598c       0x50 ./Core/Src/stm32f4xx_hal_msp.o
                0x0800598c                HAL_MspInit
 .text.HAL_SPI_MspInit
                0x080059dc       0x90 ./Core/Src/stm32f4xx_hal_msp.o
                0x080059dc                HAL_SPI_MspInit
 .text.NMI_Handler
                0x08005a6c        0x8 ./Core/Src/stm32f4xx_it.o
                0x08005a6c                NMI_Handler
 .text.HardFault_Handler
                0x08005a74        0x8 ./Core/Src/stm32f4xx_it.o
                0x08005a74                HardFault_Handler
 .text.MemManage_Handler
                0x08005a7c        0x8 ./Core/Src/stm32f4xx_it.o
                0x08005a7c                MemManage_Handler
 .text.BusFault_Handler
                0x08005a84        0x8 ./Core/Src/stm32f4xx_it.o
                0x08005a84                BusFault_Handler
 .text.UsageFault_Handler
                0x08005a8c        0x8 ./Core/Src/stm32f4xx_it.o
                0x08005a8c                UsageFault_Handler
 .text.SVC_Handler
                0x08005a94        0xe ./Core/Src/stm32f4xx_it.o
                0x08005a94                SVC_Handler
 .text.DebugMon_Handler
                0x08005aa2        0xe ./Core/Src/stm32f4xx_it.o
                0x08005aa2                DebugMon_Handler
 .text.PendSV_Handler
                0x08005ab0        0xe ./Core/Src/stm32f4xx_it.o
                0x08005ab0                PendSV_Handler
 .text.SysTick_Handler
                0x08005abe        0xc ./Core/Src/stm32f4xx_it.o
                0x08005abe                SysTick_Handler
 .text._getpid  0x08005aca       0x10 ./Core/Src/syscalls.o
                0x08005aca                _getpid
 .text._kill    0x08005ada       0x20 ./Core/Src/syscalls.o
                0x08005ada                _kill
 .text._exit    0x08005afa       0x16 ./Core/Src/syscalls.o
                0x08005afa                _exit
 .text._read    0x08005b10       0x3a ./Core/Src/syscalls.o
                0x08005b10                _read
 .text._write   0x08005b4a       0x38 ./Core/Src/syscalls.o
                0x08005b4a                _write
 .text._close   0x08005b82       0x18 ./Core/Src/syscalls.o
                0x08005b82                _close
 .text._fstat   0x08005b9a       0x20 ./Core/Src/syscalls.o
                0x08005b9a                _fstat
 .text._isatty  0x08005bba       0x16 ./Core/Src/syscalls.o
                0x08005bba                _isatty
 .text._lseek   0x08005bd0       0x1a ./Core/Src/syscalls.o
                0x08005bd0                _lseek
 *fill*         0x08005bea        0x2 
 .text._sbrk    0x08005bec       0x6c ./Core/Src/sysmem.o
                0x08005bec                _sbrk
 .text.SystemInit
                0x08005c58       0x24 ./Core/Src/system_stm32f4xx.o
                0x08005c58                SystemInit
 .text.Reset_Handler
                0x08005c7c       0x50 ./Core/Startup/startup_stm32f446retx.o
                0x08005c7c                Reset_Handler
 .text.Default_Handler
                0x08005ccc        0x2 ./Core/Startup/startup_stm32f446retx.o
                0x08005ccc                RTC_Alarm_IRQHandler
                0x08005ccc                EXTI2_IRQHandler
                0x08005ccc                TIM8_CC_IRQHandler
                0x08005ccc                FMPI2C1_EV_IRQHandler
                0x08005ccc                SPI4_IRQHandler
                0x08005ccc                TIM1_CC_IRQHandler
                0x08005ccc                DMA2_Stream5_IRQHandler
                0x08005ccc                DMA1_Stream5_IRQHandler
                0x08005ccc                PVD_IRQHandler
                0x08005ccc                SDIO_IRQHandler
                0x08005ccc                TAMP_STAMP_IRQHandler
                0x08005ccc                CAN2_RX1_IRQHandler
                0x08005ccc                EXTI3_IRQHandler
                0x08005ccc                TIM8_TRG_COM_TIM14_IRQHandler
                0x08005ccc                TIM1_UP_TIM10_IRQHandler
                0x08005ccc                TIM8_UP_TIM13_IRQHandler
                0x08005ccc                I2C3_ER_IRQHandler
                0x08005ccc                EXTI0_IRQHandler
                0x08005ccc                I2C2_EV_IRQHandler
                0x08005ccc                DMA1_Stream2_IRQHandler
                0x08005ccc                CAN1_RX0_IRQHandler
                0x08005ccc                FPU_IRQHandler
                0x08005ccc                OTG_HS_WKUP_IRQHandler
                0x08005ccc                CAN2_SCE_IRQHandler
                0x08005ccc                DMA2_Stream2_IRQHandler
                0x08005ccc                SPI1_IRQHandler
                0x08005ccc                TIM6_DAC_IRQHandler
                0x08005ccc                TIM1_BRK_TIM9_IRQHandler
                0x08005ccc                DCMI_IRQHandler
                0x08005ccc                CAN2_RX0_IRQHandler
                0x08005ccc                DMA2_Stream3_IRQHandler
                0x08005ccc                SAI2_IRQHandler
                0x08005ccc                USART6_IRQHandler
                0x08005ccc                USART3_IRQHandler
                0x08005ccc                CAN1_RX1_IRQHandler
                0x08005ccc                UART5_IRQHandler
                0x08005ccc                DMA2_Stream0_IRQHandler
                0x08005ccc                TIM4_IRQHandler
                0x08005ccc                QUADSPI_IRQHandler
                0x08005ccc                I2C1_EV_IRQHandler
                0x08005ccc                DMA1_Stream6_IRQHandler
                0x08005ccc                DMA1_Stream1_IRQHandler
                0x08005ccc                UART4_IRQHandler
                0x08005ccc                TIM3_IRQHandler
                0x08005ccc                RCC_IRQHandler
                0x08005ccc                TIM8_BRK_TIM12_IRQHandler
                0x08005ccc                Default_Handler
                0x08005ccc                CEC_IRQHandler
                0x08005ccc                EXTI15_10_IRQHandler
                0x08005ccc                ADC_IRQHandler
                0x08005ccc                DMA1_Stream7_IRQHandler
                0x08005ccc                TIM7_IRQHandler
                0x08005ccc                CAN2_TX_IRQHandler
                0x08005ccc                TIM5_IRQHandler
                0x08005ccc                DMA2_Stream7_IRQHandler
                0x08005ccc                I2C3_EV_IRQHandler
                0x08005ccc                EXTI9_5_IRQHandler
                0x08005ccc                RTC_WKUP_IRQHandler
                0x08005ccc                SPDIF_RX_IRQHandler
                0x08005ccc                SPI2_IRQHandler
                0x08005ccc                OTG_HS_EP1_IN_IRQHandler
                0x08005ccc                DMA1_Stream0_IRQHandler
                0x08005ccc                CAN1_TX_IRQHandler
                0x08005ccc                FMPI2C1_ER_IRQHandler
                0x08005ccc                EXTI4_IRQHandler
                0x08005ccc                OTG_HS_EP1_OUT_IRQHandler
                0x08005ccc                WWDG_IRQHandler
                0x08005ccc                TIM2_IRQHandler
                0x08005ccc                OTG_FS_WKUP_IRQHandler
                0x08005ccc                TIM1_TRG_COM_TIM11_IRQHandler
                0x08005ccc                OTG_HS_IRQHandler
                0x08005ccc                EXTI1_IRQHandler
                0x08005ccc                USART2_IRQHandler
                0x08005ccc                I2C2_ER_IRQHandler
                0x08005ccc                DMA2_Stream1_IRQHandler
                0x08005ccc                CAN1_SCE_IRQHandler
                0x08005ccc                FLASH_IRQHandler
                0x08005ccc                DMA2_Stream4_IRQHandler
                0x08005ccc                USART1_IRQHandler
                0x08005ccc                OTG_FS_IRQHandler
                0x08005ccc                SPI3_IRQHandler
                0x08005ccc                DMA1_Stream4_IRQHandler
                0x08005ccc                I2C1_ER_IRQHandler
                0x08005ccc                FMC_IRQHandler
                0x08005ccc                DMA2_Stream6_IRQHandler
                0x08005ccc                SAI1_IRQHandler
                0x08005ccc                DMA1_Stream3_IRQHandler
 *fill*         0x08005cce        0x2 
 .text.HAL_Init
                0x08005cd0       0x44 ./Drivers/STM32F4xx_HAL_Driver/Src/stm32f4xx_hal.o
                0x08005cd0                HAL_Init
 .text.HAL_InitTick
                0x08005d14       0x60 ./Drivers/STM32F4xx_HAL_Driver/Src/stm32f4xx_hal.o
                0x08005d14                HAL_InitTick
 .text.HAL_IncTick
                0x08005d74       0x28 ./Drivers/STM32F4xx_HAL_Driver/Src/stm32f4xx_hal.o
                0x08005d74                HAL_IncTick
 .text.HAL_GetTick
                0x08005d9c       0x18 ./Drivers/STM32F4xx_HAL_Driver/Src/stm32f4xx_hal.o
                0x08005d9c                HAL_GetTick
 .text.HAL_Delay
                0x08005db4       0x48 ./Drivers/STM32F4xx_HAL_Driver/Src/stm32f4xx_hal.o
                0x08005db4                HAL_Delay
 .text.__NVIC_SetPriorityGrouping
                0x08005dfc       0x48 ./Drivers/STM32F4xx_HAL_Driver/Src/stm32f4xx_hal_cortex.o
 .text.__NVIC_GetPriorityGrouping
                0x08005e44       0x1c ./Drivers/STM32F4xx_HAL_Driver/Src/stm32f4xx_hal_cortex.o
 .text.__NVIC_SetPriority
                0x08005e60       0x54 ./Drivers/STM32F4xx_HAL_Driver/Src/stm32f4xx_hal_cortex.o
 .text.NVIC_EncodePriority
                0x08005eb4       0x66 ./Drivers/STM32F4xx_HAL_Driver/Src/stm32f4xx_hal_cortex.o
 *fill*         0x08005f1a        0x2 
 .text.SysTick_Config
                0x08005f1c       0x44 ./Drivers/STM32F4xx_HAL_Driver/Src/stm32f4xx_hal_cortex.o
 .text.HAL_NVIC_SetPriorityGrouping
                0x08005f60       0x16 ./Drivers/STM32F4xx_HAL_Driver/Src/stm32f4xx_hal_cortex.o
                0x08005f60                HAL_NVIC_SetPriorityGrouping
 .text.HAL_NVIC_SetPriority
                0x08005f76       0x38 ./Drivers/STM32F4xx_HAL_Driver/Src/stm32f4xx_hal_cortex.o
                0x08005f76                HAL_NVIC_SetPriority
 .text.HAL_SYSTICK_Config
                0x08005fae       0x18 ./Drivers/STM32F4xx_HAL_Driver/Src/stm32f4xx_hal_cortex.o
                0x08005fae                HAL_SYSTICK_Config
 *fill*         0x08005fc6        0x2 
 .text.HAL_GPIO_Init
                0x08005fc8      0x328 ./Drivers/STM32F4xx_HAL_Driver/Src/stm32f4xx_hal_gpio.o
                0x08005fc8                HAL_GPIO_Init
 .text.HAL_GPIO_WritePin
                0x080062f0       0x32 ./Drivers/STM32F4xx_HAL_Driver/Src/stm32f4xx_hal_gpio.o
                0x080062f0                HAL_GPIO_WritePin
 *fill*         0x08006322        0x2 
 .text.HAL_RCC_ClockConfig
                0x08006324      0x1cc ./Drivers/STM32F4xx_HAL_Driver/Src/stm32f4xx_hal_rcc.o
                0x08006324                HAL_RCC_ClockConfig
 .text.HAL_RCC_GetSysClockFreq
                0x080064f0      0x354 ./Drivers/STM32F4xx_HAL_Driver/Src/stm32f4xx_hal_rcc_ex.o
                0x080064f0                HAL_RCC_GetSysClockFreq
 .text.HAL_RCC_OscConfig
                0x08006844      0x53c ./Drivers/STM32F4xx_HAL_Driver/Src/stm32f4xx_hal_rcc_ex.o
                0x08006844                HAL_RCC_OscConfig
 .text.HAL_SPI_Init
                0x08006d80      0x112 ./Drivers/STM32F4xx_HAL_Driver/Src/stm32f4xx_hal_spi.o
                0x08006d80                HAL_SPI_Init
 .text.HAL_SPI_Transmit
                0x08006e92      0x288 ./Drivers/STM32F4xx_HAL_Driver/Src/stm32f4xx_hal_spi.o
                0x08006e92                HAL_SPI_Transmit
 .text.HAL_SPI_Receive
                0x0800711a      0x232 ./Drivers/STM32F4xx_HAL_Driver/Src/stm32f4xx_hal_spi.o
                0x0800711a                HAL_SPI_Receive
 .text.HAL_SPI_TransmitReceive
                0x0800734c      0x352 ./Drivers/STM32F4xx_HAL_Driver/Src/stm32f4xx_hal_spi.o
                0x0800734c                HAL_SPI_TransmitReceive
 *fill*         0x0800769e        0x2 
 .text.SPI_WaitFlagStateUntilTimeout
                0x080076a0      0x110 ./Drivers/STM32F4xx_HAL_Driver/Src/stm32f4xx_hal_spi.o
 .text.SPI_EndRxTransaction
                0x080077b0       0xca ./Drivers/STM32F4xx_HAL_Driver/Src/stm32f4xx_hal_spi.o
 *fill*         0x0800787a        0x2 
 .text.SPI_EndRxTxTransaction
                0x0800787c       0xa8 ./Drivers/STM32F4xx_HAL_Driver/Src/stm32f4xx_hal_spi.o
 .text.__assert_func
                0x08007924       0x3c C:/ST/STM32CubeIDE_1.19.0/STM32CubeIDE/plugins/com.st.stm32cube.ide.mcu.externaltools.gnu-tools-for-stm32.13.3.rel1.win32_1.0.0.202411081344/tools/bin/../lib/gcc/arm-none-eabi/13.3.1/../../../../arm-none-eabi/lib/thumb/v7e-m+fp/hard\libc_nano.a(libc_a-assert.o)
                0x08007924                __assert_func
 .text.std      0x08007960       0x6c C:/ST/STM32CubeIDE_1.19.0/STM32CubeIDE/plugins/com.st.stm32cube.ide.mcu.externaltools.gnu-tools-for-stm32.13.3.rel1.win32_1.0.0.202411081344/tools/bin/../lib/gcc/arm-none-eabi/13.3.1/../../../../arm-none-eabi/lib/thumb/v7e-m+fp/hard\libc_nano.a(libc_a-findfp.o)
 .text.stdio_exit_handler
                0x080079cc       0x18 C:/ST/STM32CubeIDE_1.19.0/STM32CubeIDE/plugins/com.st.stm32cube.ide.mcu.externaltools.gnu-tools-for-stm32.13.3.rel1.win32_1.0.0.202411081344/tools/bin/../lib/gcc/arm-none-eabi/13.3.1/../../../../arm-none-eabi/lib/thumb/v7e-m+fp/hard\libc_nano.a(libc_a-findfp.o)
 .text.cleanup_stdio
                0x080079e4       0x40 C:/ST/STM32CubeIDE_1.19.0/STM32CubeIDE/plugins/com.st.stm32cube.ide.mcu.externaltools.gnu-tools-for-stm32.13.3.rel1.win32_1.0.0.202411081344/tools/bin/../lib/gcc/arm-none-eabi/13.3.1/../../../../arm-none-eabi/lib/thumb/v7e-m+fp/hard\libc_nano.a(libc_a-findfp.o)
 .text.global_stdio_init.part.0
                0x08007a24       0x3c C:/ST/STM32CubeIDE_1.19.0/STM32CubeIDE/plugins/com.st.stm32cube.ide.mcu.externaltools.gnu-tools-for-stm32.13.3.rel1.win32_1.0.0.202411081344/tools/bin/../lib/gcc/arm-none-eabi/13.3.1/../../../../arm-none-eabi/lib/thumb/v7e-m+fp/hard\libc_nano.a(libc_a-findfp.o)
 .text.__sfp_lock_acquire
                0x08007a60        0xc C:/ST/STM32CubeIDE_1.19.0/STM32CubeIDE/plugins/com.st.stm32cube.ide.mcu.externaltools.gnu-tools-for-stm32.13.3.rel1.win32_1.0.0.202411081344/tools/bin/../lib/gcc/arm-none-eabi/13.3.1/../../../../arm-none-eabi/lib/thumb/v7e-m+fp/hard\libc_nano.a(libc_a-findfp.o)
                0x08007a60                __sfp_lock_acquire
 .text.__sfp_lock_release
                0x08007a6c        0xc C:/ST/STM32CubeIDE_1.19.0/STM32CubeIDE/plugins/com.st.stm32cube.ide.mcu.externaltools.gnu-tools-for-stm32.13.3.rel1.win32_1.0.0.202411081344/tools/bin/../lib/gcc/arm-none-eabi/13.3.1/../../../../arm-none-eabi/lib/thumb/v7e-m+fp/hard\libc_nano.a(libc_a-findfp.o)
                0x08007a6c                __sfp_lock_release
 .text.__sinit  0x08007a78       0x30 C:/ST/STM32CubeIDE_1.19.0/STM32CubeIDE/plugins/com.st.stm32cube.ide.mcu.externaltools.gnu-tools-for-stm32.13.3.rel1.win32_1.0.0.202411081344/tools/bin/../lib/gcc/arm-none-eabi/13.3.1/../../../../arm-none-eabi/lib/thumb/v7e-m+fp/hard\libc_nano.a(libc_a-findfp.o)
                0x08007a78                __sinit
 .text.fprintf  0x08007aa8       0x24 C:/ST/STM32CubeIDE_1.19.0/STM32CubeIDE/plugins/com.st.stm32cube.ide.mcu.externaltools.gnu-tools-for-stm32.13.3.rel1.win32_1.0.0.202411081344/tools/bin/../lib/gcc/arm-none-eabi/13.3.1/../../../../arm-none-eabi/lib/thumb/v7e-m+fp/hard\libc_nano.a(libc_a-fprintf.o)
                0x08007aa8                fiprintf
                0x08007aa8                fprintf
 .text._fwalk_sglue
                0x08007acc       0x3c C:/ST/STM32CubeIDE_1.19.0/STM32CubeIDE/plugins/com.st.stm32cube.ide.mcu.externaltools.gnu-tools-for-stm32.13.3.rel1.win32_1.0.0.202411081344/tools/bin/../lib/gcc/arm-none-eabi/13.3.1/../../../../arm-none-eabi/lib/thumb/v7e-m+fp/hard\libc_nano.a(libc_a-fwalk.o)
                0x08007acc                _fwalk_sglue
 .text.__sread  0x08007b08       0x22 C:/ST/STM32CubeIDE_1.19.0/STM32CubeIDE/plugins/com.st.stm32cube.ide.mcu.externaltools.gnu-tools-for-stm32.13.3.rel1.win32_1.0.0.202411081344/tools/bin/../lib/gcc/arm-none-eabi/13.3.1/../../../../arm-none-eabi/lib/thumb/v7e-m+fp/hard\libc_nano.a(libc_a-stdio.o)
                0x08007b08                __sread
 .text.__swrite
                0x08007b2a       0x38 C:/ST/STM32CubeIDE_1.19.0/STM32CubeIDE/plugins/com.st.stm32cube.ide.mcu.externaltools.gnu-tools-for-stm32.13.3.rel1.win32_1.0.0.202411081344/tools/bin/../lib/gcc/arm-none-eabi/13.3.1/../../../../arm-none-eabi/lib/thumb/v7e-m+fp/hard\libc_nano.a(libc_a-stdio.o)
                0x08007b2a                __swrite
 .text.__sseek  0x08007b62       0x24 C:/ST/STM32CubeIDE_1.19.0/STM32CubeIDE/plugins/com.st.stm32cube.ide.mcu.externaltools.gnu-tools-for-stm32.13.3.rel1.win32_1.0.0.202411081344/tools/bin/../lib/gcc/arm-none-eabi/13.3.1/../../../../arm-none-eabi/lib/thumb/v7e-m+fp/hard\libc_nano.a(libc_a-stdio.o)
                0x08007b62                __sseek
 .text.__sclose
                0x08007b86        0x8 C:/ST/STM32CubeIDE_1.19.0/STM32CubeIDE/plugins/com.st.stm32cube.ide.mcu.externaltools.gnu-tools-for-stm32.13.3.rel1.win32_1.0.0.202411081344/tools/bin/../lib/gcc/arm-none-eabi/13.3.1/../../../../arm-none-eabi/lib/thumb/v7e-m+fp/hard\libc_nano.a(libc_a-stdio.o)
                0x08007b86                __sclose
 .text.memset   0x08007b8e       0x10 C:/ST/STM32CubeIDE_1.19.0/STM32CubeIDE/plugins/com.st.stm32cube.ide.mcu.externaltools.gnu-tools-for-stm32.13.3.rel1.win32_1.0.0.202411081344/tools/bin/../lib/gcc/arm-none-eabi/13.3.1/../../../../arm-none-eabi/lib/thumb/v7e-m+fp/hard\libc_nano.a(libc_a-memset.o)
                0x08007b8e                memset
 .text.strncmp  0x08007b9e       0x24 C:/ST/STM32CubeIDE_1.19.0/STM32CubeIDE/plugins/com.st.stm32cube.ide.mcu.externaltools.gnu-tools-for-stm32.13.3.rel1.win32_1.0.0.202411081344/tools/bin/../lib/gcc/arm-none-eabi/13.3.1/../../../../arm-none-eabi/lib/thumb/v7e-m+fp/hard\libc_nano.a(libc_a-strncmp.o)
                0x08007b9e                strncmp
 *fill*         0x08007bc2        0x2 
 .text._close_r
                0x08007bc4       0x20 C:/ST/STM32CubeIDE_1.19.0/STM32CubeIDE/plugins/com.st.stm32cube.ide.mcu.externaltools.gnu-tools-for-stm32.13.3.rel1.win32_1.0.0.202411081344/tools/bin/../lib/gcc/arm-none-eabi/13.3.1/../../../../arm-none-eabi/lib/thumb/v7e-m+fp/hard\libc_nano.a(libc_a-closer.o)
                0x08007bc4                _close_r
 .text._lseek_r
                0x08007be4       0x24 C:/ST/STM32CubeIDE_1.19.0/STM32CubeIDE/plugins/com.st.stm32cube.ide.mcu.externaltools.gnu-tools-for-stm32.13.3.rel1.win32_1.0.0.202411081344/tools/bin/../lib/gcc/arm-none-eabi/13.3.1/../../../../arm-none-eabi/lib/thumb/v7e-m+fp/hard\libc_nano.a(libc_a-lseekr.o)
                0x08007be4                _lseek_r
 .text._read_r  0x08007c08       0x24 C:/ST/STM32CubeIDE_1.19.0/STM32CubeIDE/plugins/com.st.stm32cube.ide.mcu.externaltools.gnu-tools-for-stm32.13.3.rel1.win32_1.0.0.202411081344/tools/bin/../lib/gcc/arm-none-eabi/13.3.1/../../../../arm-none-eabi/lib/thumb/v7e-m+fp/hard\libc_nano.a(libc_a-readr.o)
                0x08007c08                _read_r
 .text._write_r
                0x08007c2c       0x24 C:/ST/STM32CubeIDE_1.19.0/STM32CubeIDE/plugins/com.st.stm32cube.ide.mcu.externaltools.gnu-tools-for-stm32.13.3.rel1.win32_1.0.0.202411081344/tools/bin/../lib/gcc/arm-none-eabi/13.3.1/../../../../arm-none-eabi/lib/thumb/v7e-m+fp/hard\libc_nano.a(libc_a-writer.o)
                0x08007c2c                _write_r
 .text.__errno  0x08007c50        0xc C:/ST/STM32CubeIDE_1.19.0/STM32CubeIDE/plugins/com.st.stm32cube.ide.mcu.externaltools.gnu-tools-for-stm32.13.3.rel1.win32_1.0.0.202411081344/tools/bin/../lib/gcc/arm-none-eabi/13.3.1/../../../../arm-none-eabi/lib/thumb/v7e-m+fp/hard\libc_nano.a(libc_a-errno.o)
                0x08007c50                __errno
 .text.__libc_init_array
                0x08007c5c       0x48 C:/ST/STM32CubeIDE_1.19.0/STM32CubeIDE/plugins/com.st.stm32cube.ide.mcu.externaltools.gnu-tools-for-stm32.13.3.rel1.win32_1.0.0.202411081344/tools/bin/../lib/gcc/arm-none-eabi/13.3.1/../../../../arm-none-eabi/lib/thumb/v7e-m+fp/hard\libc_nano.a(libc_a-init.o)
                0x08007c5c                __libc_init_array
 .text.__retarget_lock_init_recursive
                0x08007ca4        0x2 C:/ST/STM32CubeIDE_1.19.0/STM32CubeIDE/plugins/com.st.stm32cube.ide.mcu.externaltools.gnu-tools-for-stm32.13.3.rel1.win32_1.0.0.202411081344/tools/bin/../lib/gcc/arm-none-eabi/13.3.1/../../../../arm-none-eabi/lib/thumb/v7e-m+fp/hard\libc_nano.a(libc_a-lock.o)
                0x08007ca4                __retarget_lock_init_recursive
 .text.__retarget_lock_acquire_recursive
                0x08007ca6        0x2 C:/ST/STM32CubeIDE_1.19.0/STM32CubeIDE/plugins/com.st.stm32cube.ide.mcu.externaltools.gnu-tools-for-stm32.13.3.rel1.win32_1.0.0.202411081344/tools/bin/../lib/gcc/arm-none-eabi/13.3.1/../../../../arm-none-eabi/lib/thumb/v7e-m+fp/hard\libc_nano.a(libc_a-lock.o)
                0x08007ca6                __retarget_lock_acquire_recursive
 .text.__retarget_lock_release_recursive
                0x08007ca8        0x2 C:/ST/STM32CubeIDE_1.19.0/STM32CubeIDE/plugins/com.st.stm32cube.ide.mcu.externaltools.gnu-tools-for-stm32.13.3.rel1.win32_1.0.0.202411081344/tools/bin/../lib/gcc/arm-none-eabi/13.3.1/../../../../arm-none-eabi/lib/thumb/v7e-m+fp/hard\libc_nano.a(libc_a-lock.o)
                0x08007ca8                __retarget_lock_release_recursive
 .text.memcpy   0x08007caa       0x1c C:/ST/STM32CubeIDE_1.19.0/STM32CubeIDE/plugins/com.st.stm32cube.ide.mcu.externaltools.gnu-tools-for-stm32.13.3.rel1.win32_1.0.0.202411081344/tools/bin/../lib/gcc/arm-none-eabi/13.3.1/../../../../arm-none-eabi/lib/thumb/v7e-m+fp/hard\libc_nano.a(libc_a-memcpy-stub.o)
                0x08007caa                memcpy
 .text.abort    0x08007cc6        0xe C:/ST/STM32CubeIDE_1.19.0/STM32CubeIDE/plugins/com.st.stm32cube.ide.mcu.externaltools.gnu-tools-for-stm32.13.3.rel1.win32_1.0.0.202411081344/tools/bin/../lib/gcc/arm-none-eabi/13.3.1/../../../../arm-none-eabi/lib/thumb/v7e-m+fp/hard\libc_nano.a(libc_a-abort.o)
                0x08007cc6                abort
 .text._free_r  0x08007cd4       0x94 C:/ST/STM32CubeIDE_1.19.0/STM32CubeIDE/plugins/com.st.stm32cube.ide.mcu.externaltools.gnu-tools-for-stm32.13.3.rel1.win32_1.0.0.202411081344/tools/bin/../lib/gcc/arm-none-eabi/13.3.1/../../../../arm-none-eabi/lib/thumb/v7e-m+fp/hard\libc_nano.a(libc_a-freer.o)
                0x08007cd4                _free_r
 .text.sbrk_aligned
                0x08007d68       0x44 C:/ST/STM32CubeIDE_1.19.0/STM32CubeIDE/plugins/com.st.stm32cube.ide.mcu.externaltools.gnu-tools-for-stm32.13.3.rel1.win32_1.0.0.202411081344/tools/bin/../lib/gcc/arm-none-eabi/13.3.1/../../../../arm-none-eabi/lib/thumb/v7e-m+fp/hard\libc_nano.a(libc_a-mallocr.o)
 .text._malloc_r
                0x08007dac      0x100 C:/ST/STM32CubeIDE_1.19.0/STM32CubeIDE/plugins/com.st.stm32cube.ide.mcu.externaltools.gnu-tools-for-stm32.13.3.rel1.win32_1.0.0.202411081344/tools/bin/../lib/gcc/arm-none-eabi/13.3.1/../../../../arm-none-eabi/lib/thumb/v7e-m+fp/hard\libc_nano.a(libc_a-mallocr.o)
                0x08007dac                _malloc_r
 .text.__malloc_lock
                0x08007eac        0xc C:/ST/STM32CubeIDE_1.19.0/STM32CubeIDE/plugins/com.st.stm32cube.ide.mcu.externaltools.gnu-tools-for-stm32.13.3.rel1.win32_1.0.0.202411081344/tools/bin/../lib/gcc/arm-none-eabi/13.3.1/../../../../arm-none-eabi/lib/thumb/v7e-m+fp/hard\libc_nano.a(libc_a-mlock.o)
                0x08007eac                __malloc_lock
 .text.__malloc_unlock
                0x08007eb8        0xc C:/ST/STM32CubeIDE_1.19.0/STM32CubeIDE/plugins/com.st.stm32cube.ide.mcu.externaltools.gnu-tools-for-stm32.13.3.rel1.win32_1.0.0.202411081344/tools/bin/../lib/gcc/arm-none-eabi/13.3.1/../../../../arm-none-eabi/lib/thumb/v7e-m+fp/hard\libc_nano.a(libc_a-mlock.o)
                0x08007eb8                __malloc_unlock
 .text.__sfputc_r
                0x08007ec4       0x2e C:/ST/STM32CubeIDE_1.19.0/STM32CubeIDE/plugins/com.st.stm32cube.ide.mcu.externaltools.gnu-tools-for-stm32.13.3.rel1.win32_1.0.0.202411081344/tools/bin/../lib/gcc/arm-none-eabi/13.3.1/../../../../arm-none-eabi/lib/thumb/v7e-m+fp/hard\libc_nano.a(libc_a-nano-vfprintf.o)
 .text.__sfputs_r
                0x08007ef2       0x24 C:/ST/STM32CubeIDE_1.19.0/STM32CubeIDE/plugins/com.st.stm32cube.ide.mcu.externaltools.gnu-tools-for-stm32.13.3.rel1.win32_1.0.0.202411081344/tools/bin/../lib/gcc/arm-none-eabi/13.3.1/../../../../arm-none-eabi/lib/thumb/v7e-m+fp/hard\libc_nano.a(libc_a-nano-vfprintf.o)
                0x08007ef2                __sfputs_r
 *fill*         0x08007f16        0x2 
 .text._vfprintf_r
                0x08007f18      0x230 C:/ST/STM32CubeIDE_1.19.0/STM32CubeIDE/plugins/com.st.stm32cube.ide.mcu.externaltools.gnu-tools-for-stm32.13.3.rel1.win32_1.0.0.202411081344/tools/bin/../lib/gcc/arm-none-eabi/13.3.1/../../../../arm-none-eabi/lib/thumb/v7e-m+fp/hard\libc_nano.a(libc_a-nano-vfprintf.o)
                0x08007f18                _vfprintf_r
                0x08007f18                _vfiprintf_r
 .text._printf_common
                0x08008148       0xda C:/ST/STM32CubeIDE_1.19.0/STM32CubeIDE/plugins/com.st.stm32cube.ide.mcu.externaltools.gnu-tools-for-stm32.13.3.rel1.win32_1.0.0.202411081344/tools/bin/../lib/gcc/arm-none-eabi/13.3.1/../../../../arm-none-eabi/lib/thumb/v7e-m+fp/hard\libc_nano.a(libc_a-nano-vfprintf_i.o)
                0x08008148                _printf_common
 *fill*         0x08008222        0x2 
 .text._printf_i
                0x08008224      0x23c C:/ST/STM32CubeIDE_1.19.0/STM32CubeIDE/plugins/com.st.stm32cube.ide.mcu.externaltools.gnu-tools-for-stm32.13.3.rel1.win32_1.0.0.202411081344/tools/bin/../lib/gcc/arm-none-eabi/13.3.1/../../../../arm-none-eabi/lib/thumb/v7e-m+fp/hard\libc_nano.a(libc_a-nano-vfprintf_i.o)
                0x08008224                _printf_i
 .text.__sflush_r
                0x08008460      0x108 C:/ST/STM32CubeIDE_1.19.0/STM32CubeIDE/plugins/com.st.stm32cube.ide.mcu.externaltools.gnu-tools-for-stm32.13.3.rel1.win32_1.0.0.202411081344/tools/bin/../lib/gcc/arm-none-eabi/13.3.1/../../../../arm-none-eabi/lib/thumb/v7e-m+fp/hard\libc_nano.a(libc_a-fflush.o)
                0x08008460                __sflush_r
 .text._fflush_r
                0x08008568       0x50 C:/ST/STM32CubeIDE_1.19.0/STM32CubeIDE/plugins/com.st.stm32cube.ide.mcu.externaltools.gnu-tools-for-stm32.13.3.rel1.win32_1.0.0.202411081344/tools/bin/../lib/gcc/arm-none-eabi/13.3.1/../../../../arm-none-eabi/lib/thumb/v7e-m+fp/hard\libc_nano.a(libc_a-fflush.o)
                0x08008568                _fflush_r
 .text.__swbuf_r
                0x080085b8       0x7c C:/ST/STM32CubeIDE_1.19.0/STM32CubeIDE/plugins/com.st.stm32cube.ide.mcu.externaltools.gnu-tools-for-stm32.13.3.rel1.win32_1.0.0.202411081344/tools/bin/../lib/gcc/arm-none-eabi/13.3.1/../../../../arm-none-eabi/lib/thumb/v7e-m+fp/hard\libc_nano.a(libc_a-wbuf.o)
                0x080085b8                __swbuf_r
 .text.__swsetup_r
                0x08008634       0xac C:/ST/STM32CubeIDE_1.19.0/STM32CubeIDE/plugins/com.st.stm32cube.ide.mcu.externaltools.gnu-tools-for-stm32.13.3.rel1.win32_1.0.0.202411081344/tools/bin/../lib/gcc/arm-none-eabi/13.3.1/../../../../arm-none-eabi/lib/thumb/v7e-m+fp/hard\libc_nano.a(libc_a-wsetup.o)
                0x08008634                __swsetup_r
 .text._raise_r
                0x080086e0       0x50 C:/ST/STM32CubeIDE_1.19.0/STM32CubeIDE/plugins/com.st.stm32cube.ide.mcu.externaltools.gnu-tools-for-stm32.13.3.rel1.win32_1.0.0.202411081344/tools/bin/../lib/gcc/arm-none-eabi/13.3.1/../../../../arm-none-eabi/lib/thumb/v7e-m+fp/hard\libc_nano.a(libc_a-signal.o)
                0x080086e0                _raise_r
 .text.raise    0x08008730       0x10 C:/ST/STM32CubeIDE_1.19.0/STM32CubeIDE/plugins/com.st.stm32cube.ide.mcu.externaltools.gnu-tools-for-stm32.13.3.rel1.win32_1.0.0.202411081344/tools/bin/../lib/gcc/arm-none-eabi/13.3.1/../../../../arm-none-eabi/lib/thumb/v7e-m+fp/hard\libc_nano.a(libc_a-signal.o)
                0x08008730                raise
 .text._kill_r  0x08008740       0x24 C:/ST/STM32CubeIDE_1.19.0/STM32CubeIDE/plugins/com.st.stm32cube.ide.mcu.externaltools.gnu-tools-for-stm32.13.3.rel1.win32_1.0.0.202411081344/tools/bin/../lib/gcc/arm-none-eabi/13.3.1/../../../../arm-none-eabi/lib/thumb/v7e-m+fp/hard\libc_nano.a(libc_a-signalr.o)
                0x08008740                _kill_r
 .text._getpid_r
                0x08008764        0x4 C:/ST/STM32CubeIDE_1.19.0/STM32CubeIDE/plugins/com.st.stm32cube.ide.mcu.externaltools.gnu-tools-for-stm32.13.3.rel1.win32_1.0.0.202411081344/tools/bin/../lib/gcc/arm-none-eabi/13.3.1/../../../../arm-none-eabi/lib/thumb/v7e-m+fp/hard\libc_nano.a(libc_a-signalr.o)
                0x08008764                _getpid_r
 .text._sbrk_r  0x08008768       0x20 C:/ST/STM32CubeIDE_1.19.0/STM32CubeIDE/plugins/com.st.stm32cube.ide.mcu.externaltools.gnu-tools-for-stm32.13.3.rel1.win32_1.0.0.202411081344/tools/bin/../lib/gcc/arm-none-eabi/13.3.1/../../../../arm-none-eabi/lib/thumb/v7e-m+fp/hard\libc_nano.a(libc_a-sbrkr.o)
                0x08008768                _sbrk_r
 .text.__swhatbuf_r
                0x08008788       0x4c C:/ST/STM32CubeIDE_1.19.0/STM32CubeIDE/plugins/com.st.stm32cube.ide.mcu.externaltools.gnu-tools-for-stm32.13.3.rel1.win32_1.0.0.202411081344/tools/bin/../lib/gcc/arm-none-eabi/13.3.1/../../../../arm-none-eabi/lib/thumb/v7e-m+fp/hard\libc_nano.a(libc_a-makebuf.o)
                0x08008788                __swhatbuf_r
 .text.__smakebuf_r
                0x080087d4       0x78 C:/ST/STM32CubeIDE_1.19.0/STM32CubeIDE/plugins/com.st.stm32cube.ide.mcu.externaltools.gnu-tools-for-stm32.13.3.rel1.win32_1.0.0.202411081344/tools/bin/../lib/gcc/arm-none-eabi/13.3.1/../../../../arm-none-eabi/lib/thumb/v7e-m+fp/hard\libc_nano.a(libc_a-makebuf.o)
                0x080087d4                __smakebuf_r
 .text._fstat_r
                0x0800884c       0x24 C:/ST/STM32CubeIDE_1.19.0/STM32CubeIDE/plugins/com.st.stm32cube.ide.mcu.externaltools.gnu-tools-for-stm32.13.3.rel1.win32_1.0.0.202411081344/tools/bin/../lib/gcc/arm-none-eabi/13.3.1/../../../../arm-none-eabi/lib/thumb/v7e-m+fp/hard\libc_nano.a(libc_a-fstatr.o)
                0x0800884c                _fstat_r
 .text._isatty_r
                0x08008870       0x20 C:/ST/STM32CubeIDE_1.19.0/STM32CubeIDE/plugins/com.st.stm32cube.ide.mcu.externaltools.gnu-tools-for-stm32.13.3.rel1.win32_1.0.0.202411081344/tools/bin/../lib/gcc/arm-none-eabi/13.3.1/../../../../arm-none-eabi/lib/thumb/v7e-m+fp/hard\libc_nano.a(libc_a-isattyr.o)
                0x08008870                _isatty_r
 *(.glue_7)
 .glue_7        0x08008890        0x0 linker stubs
 *(.glue_7t)
 .glue_7t       0x08008890        0x0 linker stubs
 *(.eh_frame)
 .eh_frame      0x08008890        0x0 C:/ST/STM32CubeIDE_1.19.0/STM32CubeIDE/plugins/com.st.stm32cube.ide.mcu.externaltools.gnu-tools-for-stm32.13.3.rel1.win32_1.0.0.202411081344/tools/bin/../lib/gcc/arm-none-eabi/13.3.1/thumb/v7e-m+fp/hard/crtbegin.o
 *(.init)
 .init          0x08008890        0x4 C:/ST/STM32CubeIDE_1.19.0/STM32CubeIDE/plugins/com.st.stm32cube.ide.mcu.externaltools.gnu-tools-for-stm32.13.3.rel1.win32_1.0.0.202411081344/tools/bin/../lib/gcc/arm-none-eabi/13.3.1/thumb/v7e-m+fp/hard/crti.o
                0x08008890                _init
 .init          0x08008894        0x8 C:/ST/STM32CubeIDE_1.19.0/STM32CubeIDE/plugins/com.st.stm32cube.ide.mcu.externaltools.gnu-tools-for-stm32.13.3.rel1.win32_1.0.0.202411081344/tools/bin/../lib/gcc/arm-none-eabi/13.3.1/thumb/v7e-m+fp/hard/crtn.o
 *(.fini)
 .fini          0x0800889c        0x4 C:/ST/STM32CubeIDE_1.19.0/STM32CubeIDE/plugins/com.st.stm32cube.ide.mcu.externaltools.gnu-tools-for-stm32.13.3.rel1.win32_1.0.0.202411081344/tools/bin/../lib/gcc/arm-none-eabi/13.3.1/thumb/v7e-m+fp/hard/crti.o
                0x0800889c                _fini
 .fini          0x080088a0        0x8 C:/ST/STM32CubeIDE_1.19.0/STM32CubeIDE/plugins/com.st.stm32cube.ide.mcu.externaltools.gnu-tools-for-stm32.13.3.rel1.win32_1.0.0.202411081344/tools/bin/../lib/gcc/arm-none-eabi/13.3.1/thumb/v7e-m+fp/hard/crtn.o
                0x080088a8                        . = ALIGN (0x4)
                0x080088a8                        _etext = .

.vfp11_veneer   0x080088a8        0x0
 .vfp11_veneer  0x080088a8        0x0 linker stubs

.v4_bx          0x080088a8        0x0
 .v4_bx         0x080088a8        0x0 linker stubs

.iplt           0x080088a8        0x0
 .iplt          0x080088a8        0x0 C:/ST/STM32CubeIDE_1.19.0/STM32CubeIDE/plugins/com.st.stm32cube.ide.mcu.externaltools.gnu-tools-for-stm32.13.3.rel1.win32_1.0.0.202411081344/tools/bin/../lib/gcc/arm-none-eabi/13.3.1/thumb/v7e-m+fp/hard/crtbegin.o

.rodata         0x080088a8      0x59c
                0x080088a8                        . = ALIGN (0x4)
 *(.rodata)
 .rodata        0x080088a8       0x3c ./Core/Src/esc_coe.o
 .rodata        0x080088e4        0xe ./Core/Src/objectlist.o
 *(.rodata*)
 *fill*         0x080088f2        0x2 
 .rodata.__func__.2
                0x080088f4        0xd ./Core/Src/esc_coe.o
 *fill*         0x08008901        0x3 
 .rodata.__func__.1
                0x08008904        0xc ./Core/Src/esc_coe.o
 .rodata.__func__.0
                0x08008910        0xe ./Core/Src/esc_coe.o
 *fill*         0x0800891e        0x2 
 .rodata.acName1000
                0x08008920        0xc ./Core/Src/objectlist.o
 .rodata.acName1008
                0x0800892c        0xc ./Core/Src/objectlist.o
 .rodata.acName1009
                0x08008938       0x11 ./Core/Src/objectlist.o
 *fill*         0x08008949        0x3 
 .rodata.acName100A
                0x0800894c       0x11 ./Core/Src/objectlist.o
 *fill*         0x0800895d        0x3 
 .rodata.acName1018
                0x08008960       0x10 ./Core/Src/objectlist.o
 .rodata.acName1018_00
                0x08008970        0xd ./Core/Src/objectlist.o
 *fill*         0x0800897d        0x3 
 .rodata.acName1018_01
                0x08008980        0xa ./Core/Src/objectlist.o
 *fill*         0x0800898a        0x2 
 .rodata.acName1018_02
                0x0800898c        0xd ./Core/Src/objectlist.o
 *fill*         0x08008999        0x3 
 .rodata.acName1018_03
                0x0800899c       0x10 ./Core/Src/objectlist.o
 .rodata.acName1018_04
                0x080089ac        0xe ./Core/Src/objectlist.o
 *fill*         0x080089ba        0x2 
 .rodata.acName1400
                0x080089bc        0x6 ./Core/Src/objectlist.o
 *fill*         0x080089c2        0x2 
 .rodata.acName1400_00
                0x080089c4        0xd ./Core/Src/objectlist.o
 *fill*         0x080089d1        0x3 
 .rodata.acName1400_01
                0x080089d4        0x6 ./Core/Src/objectlist.o
 *fill*         0x080089da        0x2 
 .rodata.acName1A00
                0x080089dc        0x6 ./Core/Src/objectlist.o
 *fill*         0x080089e2        0x2 
 .rodata.acName1A00_00
                0x080089e4        0xd ./Core/Src/objectlist.o
 *fill*         0x080089f1        0x3 
 .rodata.acName1A00_01
                0x080089f4        0x6 ./Core/Src/objectlist.o
 *fill*         0x080089fa        0x2 
 .rodata.acName1C00
                0x080089fc       0x20 ./Core/Src/objectlist.o
 .rodata.acName1C00_00
                0x08008a1c        0xd ./Core/Src/objectlist.o
 *fill*         0x08008a29        0x3 
 .rodata.acName1C00_01
                0x08008a2c       0x18 ./Core/Src/objectlist.o
 .rodata.acName1C00_02
                0x08008a44       0x18 ./Core/Src/objectlist.o
 .rodata.acName1C00_03
                0x08008a5c       0x18 ./Core/Src/objectlist.o
 .rodata.acName1C00_04
                0x08008a74       0x18 ./Core/Src/objectlist.o
 .rodata.acName1C12
                0x08008a8c       0x1e ./Core/Src/objectlist.o
 *fill*         0x08008aaa        0x2 
 .rodata.acName1C12_00
                0x08008aac        0xd ./Core/Src/objectlist.o
 *fill*         0x08008ab9        0x3 
 .rodata.acName1C12_01
                0x08008abc        0xc ./Core/Src/objectlist.o
 .rodata.acName1C13
                0x08008ac8       0x1e ./Core/Src/objectlist.o
 *fill*         0x08008ae6        0x2 
 .rodata.acName1C13_00
                0x08008ae8        0xd ./Core/Src/objectlist.o
 *fill*         0x08008af5        0x3 
 .rodata.acName1C13_01
                0x08008af8        0xc ./Core/Src/objectlist.o
 .rodata.acName6000
                0x08008b04        0x6 ./Core/Src/objectlist.o
 *fill*         0x08008b0a        0x2 
 .rodata.acName7000
                0x08008b0c        0x6 ./Core/Src/objectlist.o
 *fill*         0x08008b12        0x2 
 .rodata.SDO1000
                0x08008b14       0x14 ./Core/Src/objectlist.o
                0x08008b14                SDO1000
 .rodata.SDO1008
                0x08008b28       0x14 ./Core/Src/objectlist.o
                0x08008b28                SDO1008
 .rodata.SDO1009
                0x08008b3c       0x14 ./Core/Src/objectlist.o
                0x08008b3c                SDO1009
 .rodata.SDO100A
                0x08008b50       0x14 ./Core/Src/objectlist.o
                0x08008b50                SDO100A
 .rodata.SDO1018
                0x08008b64       0x64 ./Core/Src/objectlist.o
                0x08008b64                SDO1018
 .rodata.SDO1400
                0x08008bc8       0x28 ./Core/Src/objectlist.o
                0x08008bc8                SDO1400
 .rodata.SDO1A00
                0x08008bf0       0x28 ./Core/Src/objectlist.o
                0x08008bf0                SDO1A00
 .rodata.SDO1C00
                0x08008c18       0x64 ./Core/Src/objectlist.o
                0x08008c18                SDO1C00
 .rodata.SDO1C12
                0x08008c7c       0x28 ./Core/Src/objectlist.o
                0x08008c7c                SDO1C12
 .rodata.SDO1C13
                0x08008ca4       0x28 ./Core/Src/objectlist.o
                0x08008ca4                SDO1C13
 .rodata.SDO6000
                0x08008ccc       0x14 ./Core/Src/objectlist.o
                0x08008ccc                SDO6000
 .rodata.SDO7000
                0x08008ce0       0x14 ./Core/Src/objectlist.o
                0x08008ce0                SDO7000
 .rodata.SDOobjects
                0x08008cf4       0xd0 ./Core/Src/objectlist.o
                0x08008cf4                SDOobjects
 .rodata.AHBPrescTable
                0x08008dc4       0x10 ./Core/Src/system_stm32f4xx.o
                0x08008dc4                AHBPrescTable
 .rodata.__assert_func.str1.1
                0x08008dd4       0x6f C:/ST/STM32CubeIDE_1.19.0/STM32CubeIDE/plugins/com.st.stm32cube.ide.mcu.externaltools.gnu-tools-for-stm32.13.3.rel1.win32_1.0.0.202411081344/tools/bin/../lib/gcc/arm-none-eabi/13.3.1/../../../../arm-none-eabi/lib/thumb/v7e-m+fp/hard\libc_nano.a(libc_a-assert.o)
                                 0x3d (size before relaxing)
 .rodata._vfprintf_r.str1.1
                0x08008e43       0x11 C:/ST/STM32CubeIDE_1.19.0/STM32CubeIDE/plugins/com.st.stm32cube.ide.mcu.externaltools.gnu-tools-for-stm32.13.3.rel1.win32_1.0.0.202411081344/tools/bin/../lib/gcc/arm-none-eabi/13.3.1/../../../../arm-none-eabi/lib/thumb/v7e-m+fp/hard\libc_nano.a(libc_a-nano-vfprintf.o)
 .rodata._printf_i.str1.1
                0x08008e43       0x22 C:/ST/STM32CubeIDE_1.19.0/STM32CubeIDE/plugins/com.st.stm32cube.ide.mcu.externaltools.gnu-tools-for-stm32.13.3.rel1.win32_1.0.0.202411081344/tools/bin/../lib/gcc/arm-none-eabi/13.3.1/../../../../arm-none-eabi/lib/thumb/v7e-m+fp/hard\libc_nano.a(libc_a-nano-vfprintf_i.o)
                0x08008e68                        . = ALIGN (0x4)
 *fill*         0x08008e43        0x1 

.ARM.extab      0x08008e44        0x0
                0x08008e44                        . = ALIGN (0x4)
 *(.ARM.extab* .gnu.linkonce.armextab.*)
                0x08008e44                        . = ALIGN (0x4)

.ARM            0x08008e44        0x8
                0x08008e44                        . = ALIGN (0x4)
                0x08008e44                        __exidx_start = .
 *(.ARM.exidx*)
 .ARM.exidx     0x08008e44        0x8 C:/ST/STM32CubeIDE_1.19.0/STM32CubeIDE/plugins/com.st.stm32cube.ide.mcu.externaltools.gnu-tools-for-stm32.13.3.rel1.win32_1.0.0.202411081344/tools/bin/../lib/gcc/arm-none-eabi/13.3.1/../../../../arm-none-eabi/lib/thumb/v7e-m+fp/hard\libc_nano.a(libc_a-memchr.o)
 .ARM.exidx     0x08008e4c        0x0 C:/ST/STM32CubeIDE_1.19.0/STM32CubeIDE/plugins/com.st.stm32cube.ide.mcu.externaltools.gnu-tools-for-stm32.13.3.rel1.win32_1.0.0.202411081344/tools/bin/../lib/gcc/arm-none-eabi/13.3.1/thumb/v7e-m+fp/hard\libgcc.a(_udivmoddi4.o)
                                  0x8 (size before relaxing)
                0x08008e4c                        __exidx_end = .
                0x08008e4c                        . = ALIGN (0x4)

.preinit_array  0x08008e4c        0x0
                0x08008e4c                        . = ALIGN (0x4)
                0x08008e4c                        PROVIDE (__preinit_array_start = .)
 *(.preinit_array*)
                0x08008e4c                        PROVIDE (__preinit_array_end = .)
                0x08008e4c                        . = ALIGN (0x4)

.init_array     0x08008e4c        0x4
                0x08008e4c                        . = ALIGN (0x4)
                0x08008e4c                        PROVIDE (__init_array_start = .)
 *(SORT_BY_NAME(.init_array.*))
 *(.init_array*)
 .init_array    0x08008e4c        0x4 C:/ST/STM32CubeIDE_1.19.0/STM32CubeIDE/plugins/com.st.stm32cube.ide.mcu.externaltools.gnu-tools-for-stm32.13.3.rel1.win32_1.0.0.202411081344/tools/bin/../lib/gcc/arm-none-eabi/13.3.1/thumb/v7e-m+fp/hard/crtbegin.o
                0x08008e50                        PROVIDE (__init_array_end = .)
                0x08008e50                        . = ALIGN (0x4)

.fini_array     0x08008e50        0x4
                0x08008e50                        . = ALIGN (0x4)
                [!provide]                        PROVIDE (__fini_array_start = .)
 *(SORT_BY_NAME(.fini_array.*))
 *(.fini_array*)
 .fini_array    0x08008e50        0x4 C:/ST/STM32CubeIDE_1.19.0/STM32CubeIDE/plugins/com.st.stm32cube.ide.mcu.externaltools.gnu-tools-for-stm32.13.3.rel1.win32_1.0.0.202411081344/tools/bin/../lib/gcc/arm-none-eabi/13.3.1/thumb/v7e-m+fp/hard/crtbegin.o
                [!provide]                        PROVIDE (__fini_array_end = .)
                0x08008e54                        . = ALIGN (0x4)
                0x08008e54                        _sidata = LOADADDR (.data)

.rel.dyn        0x08008e54        0x0
 .rel.iplt      0x08008e54        0x0 C:/ST/STM32CubeIDE_1.19.0/STM32CubeIDE/plugins/com.st.stm32cube.ide.mcu.externaltools.gnu-tools-for-stm32.13.3.rel1.win32_1.0.0.202411081344/tools/bin/../lib/gcc/arm-none-eabi/13.3.1/thumb/v7e-m+fp/hard/crtbegin.o

.data           0x20000000       0xe4 load address 0x08008e54
                0x20000000                        . = ALIGN (0x4)
                0x20000000                        _sdata = .
 *(.data)
 *(.data*)
 .data.mb0.3    0x20000000        0x8 ./Core/Src/esc.o
 .data.mb1.2    0x20000008        0x8 ./Core/Src/esc.o
 .data.mbboot0.1
                0x20000010        0x8 ./Core/Src/esc.o
 .data.mbboot1.0
                0x20000018        0x8 ./Core/Src/esc.o
 .data.led_ctrl
                0x20000020        0xc ./Core/Src/main.o
 .data.config   0x2000002c       0x50 ./Core/Src/main.o
 .data.SystemCoreClock
                0x2000007c        0x4 ./Core/Src/system_stm32f4xx.o
                0x2000007c                SystemCoreClock
 .data.uwTickPrio
                0x20000080        0x4 ./Drivers/STM32F4xx_HAL_Driver/Src/stm32f4xx_hal.o
                0x20000080                uwTickPrio
 .data.uwTickFreq
                0x20000084        0x1 ./Drivers/STM32F4xx_HAL_Driver/Src/stm32f4xx_hal.o
                0x20000084                uwTickFreq
 *fill*         0x20000085        0x3 
 .data.__sglue  0x20000088        0xc C:/ST/STM32CubeIDE_1.19.0/STM32CubeIDE/plugins/com.st.stm32cube.ide.mcu.externaltools.gnu-tools-for-stm32.13.3.rel1.win32_1.0.0.202411081344/tools/bin/../lib/gcc/arm-none-eabi/13.3.1/../../../../arm-none-eabi/lib/thumb/v7e-m+fp/hard\libc_nano.a(libc_a-findfp.o)
                0x20000088                __sglue
 .data._impure_ptr
                0x20000094        0x4 C:/ST/STM32CubeIDE_1.19.0/STM32CubeIDE/plugins/com.st.stm32cube.ide.mcu.externaltools.gnu-tools-for-stm32.13.3.rel1.win32_1.0.0.202411081344/tools/bin/../lib/gcc/arm-none-eabi/13.3.1/../../../../arm-none-eabi/lib/thumb/v7e-m+fp/hard\libc_nano.a(libc_a-impure.o)
                0x20000094                _impure_ptr
 .data._impure_data
                0x20000098       0x4c C:/ST/STM32CubeIDE_1.19.0/STM32CubeIDE/plugins/com.st.stm32cube.ide.mcu.externaltools.gnu-tools-for-stm32.13.3.rel1.win32_1.0.0.202411081344/tools/bin/../lib/gcc/arm-none-eabi/13.3.1/../../../../arm-none-eabi/lib/thumb/v7e-m+fp/hard\libc_nano.a(libc_a-impure.o)
                0x20000098                _impure_data
 *(.RamFunc)
 *(.RamFunc*)
                0x200000e4                        . = ALIGN (0x4)
                0x200000e4                        _edata = .

.igot.plt       0x200000e4        0x0 load address 0x08008f38
 .igot.plt      0x200000e4        0x0 C:/ST/STM32CubeIDE_1.19.0/STM32CubeIDE/plugins/com.st.stm32cube.ide.mcu.externaltools.gnu-tools-for-stm32.13.3.rel1.win32_1.0.0.202411081344/tools/bin/../lib/gcc/arm-none-eabi/13.3.1/thumb/v7e-m+fp/hard/crtbegin.o
                0x200000e4                        . = ALIGN (0x4)

.bss            0x200000e8     0x1318 load address 0x08008f38
                0x200000e8                        _sbss = .
                0x200000e8                        __bss_start__ = _sbss
 *(.bss)
 .bss           0x200000e8       0x1c C:/ST/STM32CubeIDE_1.19.0/STM32CubeIDE/plugins/com.st.stm32cube.ide.mcu.externaltools.gnu-tools-for-stm32.13.3.rel1.win32_1.0.0.202411081344/tools/bin/../lib/gcc/arm-none-eabi/13.3.1/thumb/v7e-m+fp/hard/crtbegin.o
 *(.bss*)
 .bss.Obj       0x20000104        0x8 ./Core/Src/ecat_app.o
                0x20000104                Obj
 .bss.MBX       0x2000010c      0x600 ./Core/Src/ecat_slv.o
                0x2000010c                MBX
 .bss.MBXcontrol
                0x2000070c        0x3 ./Core/Src/ecat_slv.o
                0x2000070c                MBXcontrol
 *fill*         0x2000070f        0x1 
 .bss.SMmap2    0x20000710        0xc ./Core/Src/ecat_slv.o
                0x20000710                SMmap2
 .bss.SMmap3    0x2000071c        0xc ./Core/Src/ecat_slv.o
                0x2000071c                SMmap3
 .bss.ESCvar    0x20000728      0x6ec ./Core/Src/ecat_slv.o
                0x20000728                ESCvar
 .bss.watchdog  0x20000e14        0x4 ./Core/Src/ecat_slv.o
 .bss.rxpdo     0x20000e18      0x200 ./Core/Src/ecat_slv.o
 .bss.txpdo     0x20001018      0x200 ./Core/Src/ecat_slv.o
 .bss.foe_file_name
                0x20001218       0x20 ./Core/Src/esc_foe.o
 .bss.foe_cfg   0x20001238        0x4 ./Core/Src/esc_foe.o
 .bss.foe_file  0x2000123c        0x4 ./Core/Src/esc_foe.o
 .bss.FOEvar    0x20001240       0x13 ./Core/Src/esc_foe.o
 *fill*         0x20001253        0x1 
 .bss.hspi1     0x20001254       0x58 ./Core/Src/main.o
                0x20001254                hspi1
 .bss.__sbrk_heap_end
                0x200012ac        0x4 ./Core/Src/sysmem.o
 .bss.uwTick    0x200012b0        0x4 ./Drivers/STM32F4xx_HAL_Driver/Src/stm32f4xx_hal.o
                0x200012b0                uwTick
 .bss.__sf      0x200012b4      0x138 C:/ST/STM32CubeIDE_1.19.0/STM32CubeIDE/plugins/com.st.stm32cube.ide.mcu.externaltools.gnu-tools-for-stm32.13.3.rel1.win32_1.0.0.202411081344/tools/bin/../lib/gcc/arm-none-eabi/13.3.1/../../../../arm-none-eabi/lib/thumb/v7e-m+fp/hard\libc_nano.a(libc_a-findfp.o)
                0x200012b4                __sf
 .bss.__stdio_exit_handler
                0x200013ec        0x4 C:/ST/STM32CubeIDE_1.19.0/STM32CubeIDE/plugins/com.st.stm32cube.ide.mcu.externaltools.gnu-tools-for-stm32.13.3.rel1.win32_1.0.0.202411081344/tools/bin/../lib/gcc/arm-none-eabi/13.3.1/../../../../arm-none-eabi/lib/thumb/v7e-m+fp/hard\libc_nano.a(libc_a-findfp.o)
                0x200013ec                __stdio_exit_handler
 .bss.errno     0x200013f0        0x4 C:/ST/STM32CubeIDE_1.19.0/STM32CubeIDE/plugins/com.st.stm32cube.ide.mcu.externaltools.gnu-tools-for-stm32.13.3.rel1.win32_1.0.0.202411081344/tools/bin/../lib/gcc/arm-none-eabi/13.3.1/../../../../arm-none-eabi/lib/thumb/v7e-m+fp/hard\libc_nano.a(libc_a-reent.o)
                0x200013f0                errno
 .bss.__lock___malloc_recursive_mutex
                0x200013f4        0x1 C:/ST/STM32CubeIDE_1.19.0/STM32CubeIDE/plugins/com.st.stm32cube.ide.mcu.externaltools.gnu-tools-for-stm32.13.3.rel1.win32_1.0.0.202411081344/tools/bin/../lib/gcc/arm-none-eabi/13.3.1/../../../../arm-none-eabi/lib/thumb/v7e-m+fp/hard\libc_nano.a(libc_a-lock.o)
                0x200013f4                __lock___malloc_recursive_mutex
 .bss.__lock___sfp_recursive_mutex
                0x200013f5        0x1 C:/ST/STM32CubeIDE_1.19.0/STM32CubeIDE/plugins/com.st.stm32cube.ide.mcu.externaltools.gnu-tools-for-stm32.13.3.rel1.win32_1.0.0.202411081344/tools/bin/../lib/gcc/arm-none-eabi/13.3.1/../../../../arm-none-eabi/lib/thumb/v7e-m+fp/hard\libc_nano.a(libc_a-lock.o)
                0x200013f5                __lock___sfp_recursive_mutex
 *fill*         0x200013f6        0x2 
 .bss.__malloc_sbrk_start
                0x200013f8        0x4 C:/ST/STM32CubeIDE_1.19.0/STM32CubeIDE/plugins/com.st.stm32cube.ide.mcu.externaltools.gnu-tools-for-stm32.13.3.rel1.win32_1.0.0.202411081344/tools/bin/../lib/gcc/arm-none-eabi/13.3.1/../../../../arm-none-eabi/lib/thumb/v7e-m+fp/hard\libc_nano.a(libc_a-mallocr.o)
                0x200013f8                __malloc_sbrk_start
 .bss.__malloc_free_list
                0x200013fc        0x4 C:/ST/STM32CubeIDE_1.19.0/STM32CubeIDE/plugins/com.st.stm32cube.ide.mcu.externaltools.gnu-tools-for-stm32.13.3.rel1.win32_1.0.0.202411081344/tools/bin/../lib/gcc/arm-none-eabi/13.3.1/../../../../arm-none-eabi/lib/thumb/v7e-m+fp/hard\libc_nano.a(libc_a-mallocr.o)
                0x200013fc                __malloc_free_list
 *(COMMON)
                0x20001400                        . = ALIGN (0x4)
                0x20001400                        _ebss = .
                0x20001400                        __bss_end__ = _ebss

._user_heap_stack
                0x20001400      0x600 load address 0x08008f38
                0x20001400                        . = ALIGN (0x8)
                [!provide]                        PROVIDE (end = .)
                0x20001400                        PROVIDE (_end = .)
                0x20001600                        . = (. + _Min_Heap_Size)
 *fill*         0x20001400      0x200 
                0x20001a00                        . = (. + _Min_Stack_Size)
 *fill*         0x20001600      0x400 
                0x20001a00                        . = ALIGN (0x8)

/DISCARD/
 libc.a(*)
 libm.a(*)
 libgcc.a(*)

.ARM.attributes
                0x00000000       0x30
 *(.ARM.attributes)
 .ARM.attributes
                0x00000000       0x22 C:/ST/STM32CubeIDE_1.19.0/STM32CubeIDE/plugins/com.st.stm32cube.ide.mcu.externaltools.gnu-tools-for-stm32.13.3.rel1.win32_1.0.0.202411081344/tools/bin/../lib/gcc/arm-none-eabi/13.3.1/thumb/v7e-m+fp/hard/crti.o
 .ARM.attributes
                0x00000022       0x34 C:/ST/STM32CubeIDE_1.19.0/STM32CubeIDE/plugins/com.st.stm32cube.ide.mcu.externaltools.gnu-tools-for-stm32.13.3.rel1.win32_1.0.0.202411081344/tools/bin/../lib/gcc/arm-none-eabi/13.3.1/thumb/v7e-m+fp/hard/crtbegin.o
 .ARM.attributes
                0x00000056       0x34 ./Core/Src/ecat_app.o
 .ARM.attributes
                0x0000008a       0x34 ./Core/Src/ecat_slv.o
 .ARM.attributes
                0x000000be       0x34 ./Core/Src/esc.o
 .ARM.attributes
                0x000000f2       0x34 ./Core/Src/esc_coe.o
 .ARM.attributes
                0x00000126       0x34 ./Core/Src/esc_foe.o
 .ARM.attributes
                0x0000015a       0x34 ./Core/Src/esc_hw.o
 .ARM.attributes
                0x0000018e       0x34 ./Core/Src/main.o
 .ARM.attributes
                0x000001c2       0x34 ./Core/Src/objectlist.o
 .ARM.attributes
                0x000001f6       0x34 ./Core/Src/stm32f4xx_hal_msp.o
 .ARM.attributes
                0x0000022a       0x34 ./Core/Src/stm32f4xx_it.o
 .ARM.attributes
                0x0000025e       0x34 ./Core/Src/syscalls.o
 .ARM.attributes
                0x00000292       0x34 ./Core/Src/sysmem.o
 .ARM.attributes
                0x000002c6       0x34 ./Core/Src/system_stm32f4xx.o
 .ARM.attributes
                0x000002fa       0x21 ./Core/Startup/startup_stm32f446retx.o
 .ARM.attributes
                0x0000031b       0x34 ./Drivers/STM32F4xx_HAL_Driver/Src/stm32f4xx_hal.o
 .ARM.attributes
                0x0000034f       0x34 ./Drivers/STM32F4xx_HAL_Driver/Src/stm32f4xx_hal_cortex.o
 .ARM.attributes
                0x00000383       0x34 ./Drivers/STM32F4xx_HAL_Driver/Src/stm32f4xx_hal_gpio.o
 .ARM.attributes
                0x000003b7       0x34 ./Drivers/STM32F4xx_HAL_Driver/Src/stm32f4xx_hal_rcc.o
 .ARM.attributes
                0x000003eb       0x34 ./Drivers/STM32F4xx_HAL_Driver/Src/stm32f4xx_hal_rcc_ex.o
 .ARM.attributes
                0x0000041f       0x34 ./Drivers/STM32F4xx_HAL_Driver/Src/stm32f4xx_hal_spi.o
 .ARM.attributes
                0x00000453       0x34 C:/ST/STM32CubeIDE_1.19.0/STM32CubeIDE/plugins/com.st.stm32cube.ide.mcu.externaltools.gnu-tools-for-stm32.13.3.rel1.win32_1.0.0.202411081344/tools/bin/../lib/gcc/arm-none-eabi/13.3.1/../../../../arm-none-eabi/lib/thumb/v7e-m+fp/hard\libc_nano.a(libc_a-assert.o)
 .ARM.attributes
                0x00000487       0x34 C:/ST/STM32CubeIDE_1.19.0/STM32CubeIDE/plugins/com.st.stm32cube.ide.mcu.externaltools.gnu-tools-for-stm32.13.3.rel1.win32_1.0.0.202411081344/tools/bin/../lib/gcc/arm-none-eabi/13.3.1/../../../../arm-none-eabi/lib/thumb/v7e-m+fp/hard\libc_nano.a(libc_a-findfp.o)
 .ARM.attributes
                0x000004bb       0x34 C:/ST/STM32CubeIDE_1.19.0/STM32CubeIDE/plugins/com.st.stm32cube.ide.mcu.externaltools.gnu-tools-for-stm32.13.3.rel1.win32_1.0.0.202411081344/tools/bin/../lib/gcc/arm-none-eabi/13.3.1/../../../../arm-none-eabi/lib/thumb/v7e-m+fp/hard\libc_nano.a(libc_a-fprintf.o)
 .ARM.attributes
                0x000004ef       0x34 C:/ST/STM32CubeIDE_1.19.0/STM32CubeIDE/plugins/com.st.stm32cube.ide.mcu.externaltools.gnu-tools-for-stm32.13.3.rel1.win32_1.0.0.202411081344/tools/bin/../lib/gcc/arm-none-eabi/13.3.1/../../../../arm-none-eabi/lib/thumb/v7e-m+fp/hard\libc_nano.a(libc_a-fwalk.o)
 .ARM.attributes
                0x00000523       0x34 C:/ST/STM32CubeIDE_1.19.0/STM32CubeIDE/plugins/com.st.stm32cube.ide.mcu.externaltools.gnu-tools-for-stm32.13.3.rel1.win32_1.0.0.202411081344/tools/bin/../lib/gcc/arm-none-eabi/13.3.1/../../../../arm-none-eabi/lib/thumb/v7e-m+fp/hard\libc_nano.a(libc_a-stdio.o)
 .ARM.attributes
                0x00000557       0x34 C:/ST/STM32CubeIDE_1.19.0/STM32CubeIDE/plugins/com.st.stm32cube.ide.mcu.externaltools.gnu-tools-for-stm32.13.3.rel1.win32_1.0.0.202411081344/tools/bin/../lib/gcc/arm-none-eabi/13.3.1/../../../../arm-none-eabi/lib/thumb/v7e-m+fp/hard\libc_nano.a(libc_a-memset.o)
 .ARM.attributes
                0x0000058b       0x34 C:/ST/STM32CubeIDE_1.19.0/STM32CubeIDE/plugins/com.st.stm32cube.ide.mcu.externaltools.gnu-tools-for-stm32.13.3.rel1.win32_1.0.0.202411081344/tools/bin/../lib/gcc/arm-none-eabi/13.3.1/../../../../arm-none-eabi/lib/thumb/v7e-m+fp/hard\libc_nano.a(libc_a-strncmp.o)
 .ARM.attributes
                0x000005bf       0x34 C:/ST/STM32CubeIDE_1.19.0/STM32CubeIDE/plugins/com.st.stm32cube.ide.mcu.externaltools.gnu-tools-for-stm32.13.3.rel1.win32_1.0.0.202411081344/tools/bin/../lib/gcc/arm-none-eabi/13.3.1/../../../../arm-none-eabi/lib/thumb/v7e-m+fp/hard\libc_nano.a(libc_a-closer.o)
 .ARM.attributes
                0x000005f3       0x34 C:/ST/STM32CubeIDE_1.19.0/STM32CubeIDE/plugins/com.st.stm32cube.ide.mcu.externaltools.gnu-tools-for-stm32.13.3.rel1.win32_1.0.0.202411081344/tools/bin/../lib/gcc/arm-none-eabi/13.3.1/../../../../arm-none-eabi/lib/thumb/v7e-m+fp/hard\libc_nano.a(libc_a-reent.o)
 .ARM.attributes
                0x00000627       0x34 C:/ST/STM32CubeIDE_1.19.0/STM32CubeIDE/plugins/com.st.stm32cube.ide.mcu.externaltools.gnu-tools-for-stm32.13.3.rel1.win32_1.0.0.202411081344/tools/bin/../lib/gcc/arm-none-eabi/13.3.1/../../../../arm-none-eabi/lib/thumb/v7e-m+fp/hard\libc_nano.a(libc_a-impure.o)
 .ARM.attributes
                0x0000065b       0x34 C:/ST/STM32CubeIDE_1.19.0/STM32CubeIDE/plugins/com.st.stm32cube.ide.mcu.externaltools.gnu-tools-for-stm32.13.3.rel1.win32_1.0.0.202411081344/tools/bin/../lib/gcc/arm-none-eabi/13.3.1/../../../../arm-none-eabi/lib/thumb/v7e-m+fp/hard\libc_nano.a(libc_a-lseekr.o)
 .ARM.attributes
                0x0000068f       0x34 C:/ST/STM32CubeIDE_1.19.0/STM32CubeIDE/plugins/com.st.stm32cube.ide.mcu.externaltools.gnu-tools-for-stm32.13.3.rel1.win32_1.0.0.202411081344/tools/bin/../lib/gcc/arm-none-eabi/13.3.1/../../../../arm-none-eabi/lib/thumb/v7e-m+fp/hard\libc_nano.a(libc_a-readr.o)
 .ARM.attributes
                0x000006c3       0x34 C:/ST/STM32CubeIDE_1.19.0/STM32CubeIDE/plugins/com.st.stm32cube.ide.mcu.externaltools.gnu-tools-for-stm32.13.3.rel1.win32_1.0.0.202411081344/tools/bin/../lib/gcc/arm-none-eabi/13.3.1/../../../../arm-none-eabi/lib/thumb/v7e-m+fp/hard\libc_nano.a(libc_a-writer.o)
 .ARM.attributes
                0x000006f7       0x34 C:/ST/STM32CubeIDE_1.19.0/STM32CubeIDE/plugins/com.st.stm32cube.ide.mcu.externaltools.gnu-tools-for-stm32.13.3.rel1.win32_1.0.0.202411081344/tools/bin/../lib/gcc/arm-none-eabi/13.3.1/../../../../arm-none-eabi/lib/thumb/v7e-m+fp/hard\libc_nano.a(libc_a-errno.o)
 .ARM.attributes
                0x0000072b       0x34 C:/ST/STM32CubeIDE_1.19.0/STM32CubeIDE/plugins/com.st.stm32cube.ide.mcu.externaltools.gnu-tools-for-stm32.13.3.rel1.win32_1.0.0.202411081344/tools/bin/../lib/gcc/arm-none-eabi/13.3.1/../../../../arm-none-eabi/lib/thumb/v7e-m+fp/hard\libc_nano.a(libc_a-init.o)
 .ARM.attributes
                0x0000075f       0x34 C:/ST/STM32CubeIDE_1.19.0/STM32CubeIDE/plugins/com.st.stm32cube.ide.mcu.externaltools.gnu-tools-for-stm32.13.3.rel1.win32_1.0.0.202411081344/tools/bin/../lib/gcc/arm-none-eabi/13.3.1/../../../../arm-none-eabi/lib/thumb/v7e-m+fp/hard\libc_nano.a(libc_a-lock.o)
 .ARM.attributes
                0x00000793       0x34 C:/ST/STM32CubeIDE_1.19.0/STM32CubeIDE/plugins/com.st.stm32cube.ide.mcu.externaltools.gnu-tools-for-stm32.13.3.rel1.win32_1.0.0.202411081344/tools/bin/../lib/gcc/arm-none-eabi/13.3.1/../../../../arm-none-eabi/lib/thumb/v7e-m+fp/hard\libc_nano.a(libc_a-memcpy-stub.o)
 .ARM.attributes
                0x000007c7       0x34 C:/ST/STM32CubeIDE_1.19.0/STM32CubeIDE/plugins/com.st.stm32cube.ide.mcu.externaltools.gnu-tools-for-stm32.13.3.rel1.win32_1.0.0.202411081344/tools/bin/../lib/gcc/arm-none-eabi/13.3.1/../../../../arm-none-eabi/lib/thumb/v7e-m+fp/hard\libc_nano.a(libc_a-abort.o)
 .ARM.attributes
                0x000007fb       0x34 C:/ST/STM32CubeIDE_1.19.0/STM32CubeIDE/plugins/com.st.stm32cube.ide.mcu.externaltools.gnu-tools-for-stm32.13.3.rel1.win32_1.0.0.202411081344/tools/bin/../lib/gcc/arm-none-eabi/13.3.1/../../../../arm-none-eabi/lib/thumb/v7e-m+fp/hard\libc_nano.a(libc_a-freer.o)
 .ARM.attributes
                0x0000082f       0x34 C:/ST/STM32CubeIDE_1.19.0/STM32CubeIDE/plugins/com.st.stm32cube.ide.mcu.externaltools.gnu-tools-for-stm32.13.3.rel1.win32_1.0.0.202411081344/tools/bin/../lib/gcc/arm-none-eabi/13.3.1/../../../../arm-none-eabi/lib/thumb/v7e-m+fp/hard\libc_nano.a(libc_a-mallocr.o)
 .ARM.attributes
                0x00000863       0x34 C:/ST/STM32CubeIDE_1.19.0/STM32CubeIDE/plugins/com.st.stm32cube.ide.mcu.externaltools.gnu-tools-for-stm32.13.3.rel1.win32_1.0.0.202411081344/tools/bin/../lib/gcc/arm-none-eabi/13.3.1/../../../../arm-none-eabi/lib/thumb/v7e-m+fp/hard\libc_nano.a(libc_a-mlock.o)
 .ARM.attributes
                0x00000897       0x34 C:/ST/STM32CubeIDE_1.19.0/STM32CubeIDE/plugins/com.st.stm32cube.ide.mcu.externaltools.gnu-tools-for-stm32.13.3.rel1.win32_1.0.0.202411081344/tools/bin/../lib/gcc/arm-none-eabi/13.3.1/../../../../arm-none-eabi/lib/thumb/v7e-m+fp/hard\libc_nano.a(libc_a-nano-vfprintf.o)
 .ARM.attributes
                0x000008cb       0x34 C:/ST/STM32CubeIDE_1.19.0/STM32CubeIDE/plugins/com.st.stm32cube.ide.mcu.externaltools.gnu-tools-for-stm32.13.3.rel1.win32_1.0.0.202411081344/tools/bin/../lib/gcc/arm-none-eabi/13.3.1/../../../../arm-none-eabi/lib/thumb/v7e-m+fp/hard\libc_nano.a(libc_a-nano-vfprintf_i.o)
 .ARM.attributes
                0x000008ff       0x34 C:/ST/STM32CubeIDE_1.19.0/STM32CubeIDE/plugins/com.st.stm32cube.ide.mcu.externaltools.gnu-tools-for-stm32.13.3.rel1.win32_1.0.0.202411081344/tools/bin/../lib/gcc/arm-none-eabi/13.3.1/../../../../arm-none-eabi/lib/thumb/v7e-m+fp/hard\libc_nano.a(libc_a-fflush.o)
 .ARM.attributes
                0x00000933       0x34 C:/ST/STM32CubeIDE_1.19.0/STM32CubeIDE/plugins/com.st.stm32cube.ide.mcu.externaltools.gnu-tools-for-stm32.13.3.rel1.win32_1.0.0.202411081344/tools/bin/../lib/gcc/arm-none-eabi/13.3.1/../../../../arm-none-eabi/lib/thumb/v7e-m+fp/hard\libc_nano.a(libc_a-wbuf.o)
 .ARM.attributes
                0x00000967       0x34 C:/ST/STM32CubeIDE_1.19.0/STM32CubeIDE/plugins/com.st.stm32cube.ide.mcu.externaltools.gnu-tools-for-stm32.13.3.rel1.win32_1.0.0.202411081344/tools/bin/../lib/gcc/arm-none-eabi/13.3.1/../../../../arm-none-eabi/lib/thumb/v7e-m+fp/hard\libc_nano.a(libc_a-wsetup.o)
 .ARM.attributes
                0x0000099b       0x34 C:/ST/STM32CubeIDE_1.19.0/STM32CubeIDE/plugins/com.st.stm32cube.ide.mcu.externaltools.gnu-tools-for-stm32.13.3.rel1.win32_1.0.0.202411081344/tools/bin/../lib/gcc/arm-none-eabi/13.3.1/../../../../arm-none-eabi/lib/thumb/v7e-m+fp/hard\libc_nano.a(libc_a-signal.o)
 .ARM.attributes
                0x000009cf       0x34 C:/ST/STM32CubeIDE_1.19.0/STM32CubeIDE/plugins/com.st.stm32cube.ide.mcu.externaltools.gnu-tools-for-stm32.13.3.rel1.win32_1.0.0.202411081344/tools/bin/../lib/gcc/arm-none-eabi/13.3.1/../../../../arm-none-eabi/lib/thumb/v7e-m+fp/hard\libc_nano.a(libc_a-signalr.o)
 .ARM.attributes
                0x00000a03       0x34 C:/ST/STM32CubeIDE_1.19.0/STM32CubeIDE/plugins/com.st.stm32cube.ide.mcu.externaltools.gnu-tools-for-stm32.13.3.rel1.win32_1.0.0.202411081344/tools/bin/../lib/gcc/arm-none-eabi/13.3.1/../../../../arm-none-eabi/lib/thumb/v7e-m+fp/hard\libc_nano.a(libc_a-sbrkr.o)
 .ARM.attributes
                0x00000a37       0x1c C:/ST/STM32CubeIDE_1.19.0/STM32CubeIDE/plugins/com.st.stm32cube.ide.mcu.externaltools.gnu-tools-for-stm32.13.3.rel1.win32_1.0.0.202411081344/tools/bin/../lib/gcc/arm-none-eabi/13.3.1/../../../../arm-none-eabi/lib/thumb/v7e-m+fp/hard\libc_nano.a(libc_a-memchr.o)
 .ARM.attributes
                0x00000a53       0x34 C:/ST/STM32CubeIDE_1.19.0/STM32CubeIDE/plugins/com.st.stm32cube.ide.mcu.externaltools.gnu-tools-for-stm32.13.3.rel1.win32_1.0.0.202411081344/tools/bin/../lib/gcc/arm-none-eabi/13.3.1/../../../../arm-none-eabi/lib/thumb/v7e-m+fp/hard\libc_nano.a(libc_a-makebuf.o)
 .ARM.attributes
                0x00000a87       0x34 C:/ST/STM32CubeIDE_1.19.0/STM32CubeIDE/plugins/com.st.stm32cube.ide.mcu.externaltools.gnu-tools-for-stm32.13.3.rel1.win32_1.0.0.202411081344/tools/bin/../lib/gcc/arm-none-eabi/13.3.1/../../../../arm-none-eabi/lib/thumb/v7e-m+fp/hard\libc_nano.a(libc_a-fstatr.o)
 .ARM.attributes
                0x00000abb       0x34 C:/ST/STM32CubeIDE_1.19.0/STM32CubeIDE/plugins/com.st.stm32cube.ide.mcu.externaltools.gnu-tools-for-stm32.13.3.rel1.win32_1.0.0.202411081344/tools/bin/../lib/gcc/arm-none-eabi/13.3.1/../../../../arm-none-eabi/lib/thumb/v7e-m+fp/hard\libc_nano.a(libc_a-isattyr.o)
 .ARM.attributes
                0x00000aef       0x22 C:/ST/STM32CubeIDE_1.19.0/STM32CubeIDE/plugins/com.st.stm32cube.ide.mcu.externaltools.gnu-tools-for-stm32.13.3.rel1.win32_1.0.0.202411081344/tools/bin/../lib/gcc/arm-none-eabi/13.3.1/thumb/v7e-m+fp/hard\libgcc.a(_aeabi_uldivmod.o)
 .ARM.attributes
                0x00000b11       0x34 C:/ST/STM32CubeIDE_1.19.0/STM32CubeIDE/plugins/com.st.stm32cube.ide.mcu.externaltools.gnu-tools-for-stm32.13.3.rel1.win32_1.0.0.202411081344/tools/bin/../lib/gcc/arm-none-eabi/13.3.1/thumb/v7e-m+fp/hard\libgcc.a(_udivmoddi4.o)
 .ARM.attributes
                0x00000b45       0x22 C:/ST/STM32CubeIDE_1.19.0/STM32CubeIDE/plugins/com.st.stm32cube.ide.mcu.externaltools.gnu-tools-for-stm32.13.3.rel1.win32_1.0.0.202411081344/tools/bin/../lib/gcc/arm-none-eabi/13.3.1/thumb/v7e-m+fp/hard\libgcc.a(_dvmd_tls.o)
 .ARM.attributes
                0x00000b67       0x22 C:/ST/STM32CubeIDE_1.19.0/STM32CubeIDE/plugins/com.st.stm32cube.ide.mcu.externaltools.gnu-tools-for-stm32.13.3.rel1.win32_1.0.0.202411081344/tools/bin/../lib/gcc/arm-none-eabi/13.3.1/thumb/v7e-m+fp/hard/crtn.o
OUTPUT(SOES.elf elf32-littlearm)
LOAD linker stubs
LOAD C:/ST/STM32CubeIDE_1.19.0/STM32CubeIDE/plugins/com.st.stm32cube.ide.mcu.externaltools.gnu-tools-for-stm32.13.3.rel1.win32_1.0.0.202411081344/tools/bin/../lib/gcc/arm-none-eabi/13.3.1/../../../../arm-none-eabi/lib/thumb/v7e-m+fp/hard\libc.a
LOAD C:/ST/STM32CubeIDE_1.19.0/STM32CubeIDE/plugins/com.st.stm32cube.ide.mcu.externaltools.gnu-tools-for-stm32.13.3.rel1.win32_1.0.0.202411081344/tools/bin/../lib/gcc/arm-none-eabi/13.3.1/../../../../arm-none-eabi/lib/thumb/v7e-m+fp/hard\libm.a
LOAD C:/ST/STM32CubeIDE_1.19.0/STM32CubeIDE/plugins/com.st.stm32cube.ide.mcu.externaltools.gnu-tools-for-stm32.13.3.rel1.win32_1.0.0.202411081344/tools/bin/../lib/gcc/arm-none-eabi/13.3.1/thumb/v7e-m+fp/hard\libgcc.a

.debug_info     0x00000000     0xcee2
 .debug_info    0x00000000      0x238 ./Core/Src/ecat_app.o
 .debug_info    0x00000238      0xe0c ./Core/Src/ecat_slv.o
 .debug_info    0x00001044     0x138a ./Core/Src/esc.o
 .debug_info    0x000023ce     0x1d5a ./Core/Src/esc_coe.o
 .debug_info    0x00004128      0xcfa ./Core/Src/esc_foe.o
 .debug_info    0x00004e22      0xd07 ./Core/Src/esc_hw.o
 .debug_info    0x00005b29     0x101d ./Core/Src/main.o
 .debug_info    0x00006b46      0x5e9 ./Core/Src/objectlist.o
 .debug_info    0x0000712f      0x949 ./Core/Src/stm32f4xx_hal_msp.o
 .debug_info    0x00007a78      0x112 ./Core/Src/stm32f4xx_it.o
 .debug_info    0x00007b8a      0x6a3 ./Core/Src/syscalls.o
 .debug_info    0x0000822d      0x168 ./Core/Src/sysmem.o
 .debug_info    0x00008395      0x54a ./Core/Src/system_stm32f4xx.o
 .debug_info    0x000088df       0x30 ./Core/Startup/startup_stm32f446retx.o
 .debug_info    0x0000890f      0x99a ./Drivers/STM32F4xx_HAL_Driver/Src/stm32f4xx_hal.o
 .debug_info    0x000092a9      0xdaa ./Drivers/STM32F4xx_HAL_Driver/Src/stm32f4xx_hal_cortex.o
 .debug_info    0x0000a053      0x70b ./Drivers/STM32F4xx_HAL_Driver/Src/stm32f4xx_hal_gpio.o
 .debug_info    0x0000a75e      0x8ff ./Drivers/STM32F4xx_HAL_Driver/Src/stm32f4xx_hal_rcc.o
 .debug_info    0x0000b05d      0x960 ./Drivers/STM32F4xx_HAL_Driver/Src/stm32f4xx_hal_rcc_ex.o
 .debug_info    0x0000b9bd     0x1525 ./Drivers/STM32F4xx_HAL_Driver/Src/stm32f4xx_hal_spi.o

.debug_abbrev   0x00000000     0x2a18
 .debug_abbrev  0x00000000      0x149 ./Core/Src/ecat_app.o
 .debug_abbrev  0x00000149      0x36a ./Core/Src/ecat_slv.o
 .debug_abbrev  0x000004b3      0x392 ./Core/Src/esc.o
 .debug_abbrev  0x00000845      0x402 ./Core/Src/esc_coe.o
 .debug_abbrev  0x00000c47      0x361 ./Core/Src/esc_foe.o
 .debug_abbrev  0x00000fa8      0x249 ./Core/Src/esc_hw.o
 .debug_abbrev  0x000011f1      0x329 ./Core/Src/main.o
 .debug_abbrev  0x0000151a       0xe6 ./Core/Src/objectlist.o
 .debug_abbrev  0x00001600      0x1ae ./Core/Src/stm32f4xx_hal_msp.o
 .debug_abbrev  0x000017ae       0x73 ./Core/Src/stm32f4xx_it.o
 .debug_abbrev  0x00001821      0x1b6 ./Core/Src/syscalls.o
 .debug_abbrev  0x000019d7       0xbc ./Core/Src/sysmem.o
 .debug_abbrev  0x00001a93      0x11a ./Core/Src/system_stm32f4xx.o
 .debug_abbrev  0x00001bad       0x24 ./Core/Startup/startup_stm32f446retx.o
 .debug_abbrev  0x00001bd1      0x214 ./Drivers/STM32F4xx_HAL_Driver/Src/stm32f4xx_hal.o
 .debug_abbrev  0x00001de5      0x31d ./Drivers/STM32F4xx_HAL_Driver/Src/stm32f4xx_hal_cortex.o
 .debug_abbrev  0x00002102      0x1d4 ./Drivers/STM32F4xx_HAL_Driver/Src/stm32f4xx_hal_gpio.o
 .debug_abbrev  0x000022d6      0x2b7 ./Drivers/STM32F4xx_HAL_Driver/Src/stm32f4xx_hal_rcc.o
 .debug_abbrev  0x0000258d      0x211 ./Drivers/STM32F4xx_HAL_Driver/Src/stm32f4xx_hal_rcc_ex.o
 .debug_abbrev  0x0000279e      0x27a ./Drivers/STM32F4xx_HAL_Driver/Src/stm32f4xx_hal_spi.o

.debug_aranges  0x00000000      0xb48
 .debug_aranges
                0x00000000       0x20 ./Core/Src/ecat_app.o
 .debug_aranges
                0x00000020       0x80 ./Core/Src/ecat_slv.o
 .debug_aranges
                0x000000a0      0x160 ./Core/Src/esc.o
 .debug_aranges
                0x00000200      0x100 ./Core/Src/esc_coe.o
 .debug_aranges
                0x00000300       0x70 ./Core/Src/esc_foe.o
 .debug_aranges
                0x00000370       0x70 ./Core/Src/esc_hw.o
 .debug_aranges
                0x000003e0       0x60 ./Core/Src/main.o
 .debug_aranges
                0x00000440       0x18 ./Core/Src/objectlist.o
 .debug_aranges
                0x00000458       0x30 ./Core/Src/stm32f4xx_hal_msp.o
 .debug_aranges
                0x00000488       0x60 ./Core/Src/stm32f4xx_it.o
 .debug_aranges
                0x000004e8       0xa8 ./Core/Src/syscalls.o
 .debug_aranges
                0x00000590       0x20 ./Core/Src/sysmem.o
 .debug_aranges
                0x000005b0       0x28 ./Core/Src/system_stm32f4xx.o
 .debug_aranges
                0x000005d8       0x28 ./Core/Startup/startup_stm32f446retx.o
 .debug_aranges
                0x00000600       0xf0 ./Drivers/STM32F4xx_HAL_Driver/Src/stm32f4xx_hal.o
 .debug_aranges
                0x000006f0      0x130 ./Drivers/STM32F4xx_HAL_Driver/Src/stm32f4xx_hal_cortex.o
 .debug_aranges
                0x00000820       0x58 ./Drivers/STM32F4xx_HAL_Driver/Src/stm32f4xx_hal_gpio.o
 .debug_aranges
                0x00000878       0x88 ./Drivers/STM32F4xx_HAL_Driver/Src/stm32f4xx_hal_rcc.o
 .debug_aranges
                0x00000900       0x78 ./Drivers/STM32F4xx_HAL_Driver/Src/stm32f4xx_hal_rcc_ex.o
 .debug_aranges
                0x00000978      0x1d0 ./Drivers/STM32F4xx_HAL_Driver/Src/stm32f4xx_hal_spi.o

.debug_rnglists
                0x00000000      0x885
 .debug_rnglists
                0x00000000       0x13 ./Core/Src/ecat_app.o
 .debug_rnglists
                0x00000013       0x5f ./Core/Src/ecat_slv.o
 .debug_rnglists
                0x00000072      0x111 ./Core/Src/esc.o
 .debug_rnglists
                0x00000183       0xf1 ./Core/Src/esc_coe.o
 .debug_rnglists
                0x00000274       0x54 ./Core/Src/esc_foe.o
 .debug_rnglists
                0x000002c8       0x54 ./Core/Src/esc_hw.o
 .debug_rnglists
                0x0000031c       0x46 ./Core/Src/main.o
 .debug_rnglists
                0x00000362       0x20 ./Core/Src/stm32f4xx_hal_msp.o
 .debug_rnglists
                0x00000382       0x43 ./Core/Src/stm32f4xx_it.o
 .debug_rnglists
                0x000003c5       0x79 ./Core/Src/syscalls.o
 .debug_rnglists
                0x0000043e       0x13 ./Core/Src/sysmem.o
 .debug_rnglists
                0x00000451       0x1a ./Core/Src/system_stm32f4xx.o
 .debug_rnglists
                0x0000046b       0x19 ./Core/Startup/startup_stm32f446retx.o
 .debug_rnglists
                0x00000484       0xaf ./Drivers/STM32F4xx_HAL_Driver/Src/stm32f4xx_hal.o
 .debug_rnglists
                0x00000533       0xe0 ./Drivers/STM32F4xx_HAL_Driver/Src/stm32f4xx_hal_cortex.o
 .debug_rnglists
                0x00000613       0x3f ./Drivers/STM32F4xx_HAL_Driver/Src/stm32f4xx_hal_gpio.o
 .debug_rnglists
                0x00000652       0x66 ./Drivers/STM32F4xx_HAL_Driver/Src/stm32f4xx_hal_rcc.o
 .debug_rnglists
                0x000006b8       0x5e ./Drivers/STM32F4xx_HAL_Driver/Src/stm32f4xx_hal_rcc_ex.o
 .debug_rnglists
                0x00000716      0x16f ./Drivers/STM32F4xx_HAL_Driver/Src/stm32f4xx_hal_spi.o

.debug_macro    0x00000000    0x23a2a
 .debug_macro   0x00000000      0x2d7 ./Core/Src/ecat_app.o
 .debug_macro   0x000002d7      0xad8 ./Core/Src/ecat_app.o
 .debug_macro   0x00000daf       0xc4 ./Core/Src/ecat_app.o
 .debug_macro   0x00000e73       0x22 ./Core/Src/ecat_app.o
 .debug_macro   0x00000e95       0x22 ./Core/Src/ecat_app.o
 .debug_macro   0x00000eb7       0x5b ./Core/Src/ecat_app.o
 .debug_macro   0x00000f12       0x2a ./Core/Src/ecat_app.o
 .debug_macro   0x00000f3c       0x94 ./Core/Src/ecat_app.o
 .debug_macro   0x00000fd0       0x43 ./Core/Src/ecat_app.o
 .debug_macro   0x00001013       0x34 ./Core/Src/ecat_app.o
 .debug_macro   0x00001047       0x1c ./Core/Src/ecat_app.o
 .debug_macro   0x00001063       0x57 ./Core/Src/ecat_app.o
 .debug_macro   0x000010ba      0x103 ./Core/Src/ecat_app.o
 .debug_macro   0x000011bd       0x6a ./Core/Src/ecat_app.o
 .debug_macro   0x00001227      0x1df ./Core/Src/ecat_app.o
 .debug_macro   0x00001406      0x190 ./Core/Src/ecat_app.o
 .debug_macro   0x00001596       0x7c ./Core/Src/ecat_app.o