../Core/Src/esc.c:25:6:ESC_ALerror	24	static
../Core/Src/esc.c:38:6:ESC_ALstatus	24	static
../Core/Src/esc.c:54:6:ESC_ALstatusgotoerror	24	static
../Core/Src/esc.c:92:6:ESC_ALeventmaskwrite	24	static
../Core/Src/esc.c:103:10:ESC_ALeventmaskread	16	static
../Core/Src/esc.c:115:6:ESC_ALeventwrite	24	static
../Core/Src/esc.c:126:10:ESC_ALeventread	16	static
../Core/Src/esc.c:138:6:ESC_SMack	24	static
../Core/Src/esc.c:149:6:ESC_SMstatus	24	static
../Core/Src/esc.c:160:6:ESC_SMwritepdi	24	static
../Core/Src/esc.c:171:6:ESC_SMreadpdi	24	static
../Core/Src/esc.c:182:6:ESC_SMenable	24	static
../Core/Src/esc.c:198:6:ESC_SMdisable	24	static
../Core/Src/esc.c:213:6:ESC_address	8	static
../Core/Src/esc.c:223:9:ESC_WDstatus	16	static
../Core/Src/esc.c:235:9:ESC_SYNCactivation	16	static
../Core/Src/esc.c:246:10:ESC_SYNC0cycletime	16	static
../Core/Src/esc.c:258:10:ESC_SYNC1cycletime	16	static
../Core/Src/esc.c:271:10:ESC_checkDC	16	static
../Core/Src/esc.c:306:9:ESC_checkmbx	24	static
../Core/Src/esc.c:340:9:ESC_startmbx	16	static
../Core/Src/esc.c:375:9:ESC_startmbxboot	16	static
../Core/Src/esc.c:404:6:ESC_stopmbx	16	static
../Core/Src/esc.c:433:6:ESC_readmbx	16	static
../Core/Src/esc.c:459:6:ESC_writembx	32	static
../Core/Src/esc.c:481:6:ESC_ackmbxread	16	static
../Core/Src/esc.c:495:9:ESC_claimbuffer	16	static
../Core/Src/esc.c:526:9:ESC_outreqbuffer	16	static
../Core/Src/esc.c:541:6:MBX_error	24	static
../Core/Src/esc.c:563:9:ESC_mbxprocess	16	static
../Core/Src/esc.c:683:6:ESC_xoeprocess	16	static
../Core/Src/esc.c:712:9:ESC_checkSM23	24	static
../Core/Src/esc.c:804:9:ESC_startinput	24	static
../Core/Src/esc.c:883:6:ESC_stopinput	8	static
../Core/Src/esc.c:907:9:ESC_startoutput	16	static
../Core/Src/esc.c:926:6:ESC_stopoutput	8	static
../Core/Src/esc.c:937:6:ESC_sm_act_event	16	static
../Core/Src/esc.c:1023:13:ESC_check_id_request	24	static
../Core/Src/esc.c:1045:16:ESC_load_device_id	16	static
../Core/Src/esc.c:1095:6:ESC_state	16	static
../Core/Src/esc.c:1333:6:ESC_config	16	static
