../Core/Src/esc_coe.c:51:9:SDO_findsubindex	32	static
../Core/Src/esc_coe.c:83:9:SDO_findobject	24	static
../Core/Src/esc_coe.c:118:10:sizeOfPDO	72	static
../Core/Src/esc_coe.c:246:13:copy2mbx	24	static
../Core/Src/esc_coe.c:258:13:SDO_abort	24	static
../Core/Src/esc_coe.c:281:13:set_state_idle	16	static
../Core/Src/esc_coe.c:299:13:SDO_upload	72	static
../Core/Src/esc_coe.c:447:17:complete_access_get_variables	24	static
../Core/Src/esc_coe.c:475:17:complete_access_subindex_loop	48	static
../Core/Src/esc_coe.c:575:13:init_coesdo	16	static
../Core/Src/esc_coe.c:594:13:SDO_upload_complete_access	64	static
../Core/Src/esc_coe.c:711:13:SDO_uploadsegment	48	static
../Core/Src/esc_coe.c:777:13:SDO_download	72	static
../Core/Src/esc_coe.c:924:13:SDO_download_complete_access	64	static
../Core/Src/esc_coe.c:1039:13:SDO_downloadsegment	56	static
../Core/Src/esc_coe.c:1122:13:SDO_infoerror	24	static
../Core/Src/esc_coe.c:1152:13:SDO_getodlist	32	static
../Core/Src/esc_coe.c:1245:13:SDO_getodlistcont	32	static
../Core/Src/esc_coe.c:1292:13:SDO_getod	56	static
../Core/Src/esc_coe.c:1364:13:SDO_geted	48	static
../Core/Src/esc_coe.c:1435:6:ESC_coeprocess	24	static
../Core/Src/esc_coe.c:1567:17:COE_bitsliceGet	104	static
../Core/Src/esc_coe.c:1600:13:COE_bitsliceSet	200	static
../Core/Src/esc_coe.c:1634:17:COE_getValue	48	static
../Core/Src/esc_coe.c:1692:13:COE_setValue	24	static
../Core/Src/esc_coe.c:1740:6:COE_initDefaultValues	32	static
../Core/Src/esc_coe.c:1790:6:COE_pdoPack	56	static
../Core/Src/esc_coe.c:1837:6:COE_pdoUnpack	48	static
../Core/Src/esc_coe.c:1880:9:COE_maxSub	24	static
