../Core/Src/esc_foe.c:53:17:FOE_fopen	32	static
../Core/Src/esc_foe.c:147:17:FOE_fwrite	32	static
../Core/Src/esc_foe.c:187:17:FOE_fclose	16	static
../Core/Src/esc_foe.c:203:6:FOE_init	4	static
../Core/Src/esc_foe.c:217:13:FOE_abort	24	static
../Core/Src/esc_foe.c:283:17:FOE_send_ack	16	static
../Core/Src/esc_foe.c:393:13:FOE_write	24	static
../Core/Src/esc_foe.c:435:13:FOE_data	32	static
../Core/Src/esc_foe.c:535:13:FOE_error	8	static
../Core/Src/esc_foe.c:547:6:FOE_config	16	static
../Core/Src/esc_foe.c:557:6:ESC_foeprocess	16	static
