../Core/Src/esc_hw.c:5:10:LAN9252_ReadReg32	24	static
../Core/Src/esc_hw.c:25:6:LAN9252_WriteInternal	32	static
../Core/Src/esc_hw.c:45:6:LAN9252_Reset	8	static
../Core/Src/esc_hw.c:53:9:LAN9252_CSR_WaitReady	24	static
../Core/Src/esc_hw.c:64:10:LAN9252_ReadESC	24	static
../Core/Src/esc_hw.c:95:9:LAN9252_WriteESC	24	static
../Core/Src/esc_hw.c:121:6:ESC_init	24	static
../Core/Src/esc_hw.c:142:6:ESC_read	40	static
../Core/Src/esc_hw.c:178:6:ESC_write	32	static
../Core/Src/esc_hw.c:214:6:ESC_interrupt_enable	24	static
../Core/Src/esc_hw.c:227:6:ESC_interrupt_disable	24	static
